ARM Linker, 4.1 [Build 481] [Professional]

==============================================================================

Section Cross References

    main.o(.text) refers to 24cxx.o(.text) for AT24CXX_ReadOneByte
    main.o(.text) refers to os_cpu_a.o(.text) for OS_CPU_SR_Save
    main.o(.text) refers to os_task.o(.text) for OSTaskSuspend
    main.o(.text) refers to ht1621.o(.text) for HT595_Send_Byte
    main.o(.text) refers to 485ann.o(.text) for myled
    main.o(.text) refers to delay.o(.text) for delay_ms
    main.o(.text) refers to stm32f10x_gpio.o(.text) for GPIO_ResetBits
    main.o(.text) refers to os_mbox.o(.text) for OSMboxPend
    main.o(.text) refers to os_sem.o(.text) for OSSemPost
    main.o(.text) refers to lcd.o(.text) for LCD_ShowxNum
    main.o(.text) refers to key.o(.data) for id_num
    main.o(.text) refers to 485ann.o(.bss) for mybox
    main.o(.text) refers to main.o(.data) for led_lock
    main.o(.text) refers to 485ann.o(.data) for mystatus
    main.o(.text) refers to os_core.o(.text) for OSStatInit
    main.o(.text) refers to main.o(.bss) for MASTER_TASK_STK
    main.o(.text) refers to sys.o(.text) for NVIC_Configuration
    main.o(.text) refers to key.o(.text) for KEY_Init
    main.o(.text) refers to adc.o(.text) for Adc_Init
    main.o(.text) refers to rs485.o(.text) for RS485_Init
    system_stm32f10x.o(.text) refers to system_stm32f10x.o(.data) for SystemCoreClock
    led.o(.text) refers to stm32f10x_rcc.o(.text) for RCC_APB2PeriphClockCmd
    led.o(.text) refers to stm32f10x_gpio.o(.text) for GPIO_Init
    myiic.o(.text) refers to delay.o(.text) for delay_us
    24cxx.o(.text) refers to myiic.o(.text) for IIC_Init
    24cxx.o(.text) refers to delay.o(.text) for delay_ms
    adc.o(.text) refers to stm32f10x_rcc.o(.text) for RCC_APB2PeriphClockCmd
    adc.o(.text) refers to stm32f10x_gpio.o(.text) for GPIO_Init
    adc.o(.text) refers to stm32f10x_adc.o(.text) for ADC_DeInit
    rs485.o(.text) refers to stm32f10x_rcc.o(.text) for RCC_APB2PeriphClockCmd
    rs485.o(.text) refers to stm32f10x_gpio.o(.text) for GPIO_Init
    rs485.o(.text) refers to stm32f10x_usart.o(.text) for USART_Init
    rs485.o(.text) refers to misc.o(.text) for NVIC_Init
    ht1621.o(.text) refers to delay.o(.text) for delay_us
    ht1621.o(.text) refers to ht1621.o(.data) for num1237Seg
    key.o(.text) refers to delay.o(.text) for delay_us
    key.o(.text) refers to ht1621.o(.text) for Clera_lcd
    key.o(.text) refers to 24cxx.o(.text) for AT24CXX_WriteOneByte
    key.o(.text) refers to key.o(.data) for m
    lcd.o(.text) refers to _printf_percent.o(.ARM.Collect$$_printf_percent$$00000000) for _printf_percent
    lcd.o(.text) refers to _printf_x.o(.ARM.Collect$$_printf_percent$$0000000C) for _printf_x
    lcd.o(.text) refers to _printf_hex_int.o(.text) for _printf_longlong_hex
    lcd.o(.text) refers to delay.o(.text) for delay_us
    lcd.o(.text) refers to lcd.o(.bss) for lcddev
    lcd.o(.text) refers to stm32f10x_rcc.o(.text) for RCC_AHBPeriphClockCmd
    lcd.o(.text) refers to stm32f10x_gpio.o(.text) for GPIO_Init
    lcd.o(.text) refers to stm32f10x_fsmc.o(.text) for FSMC_NORSRAMInit
    lcd.o(.text) refers to noretval__2printf.o(.text) for __2printf
    lcd.o(.text) refers to lcd.o(.data) for POINT_COLOR
    lcd.o(.text) refers to lcd.o(.constdata) for asc2_1206
    delay.o(.text) refers to os_core.o(.text) for OSIntEnter
    delay.o(.text) refers to misc.o(.text) for SysTick_CLKSourceConfig
    delay.o(.text) refers to os_time.o(.text) for OSTimeDly
    delay.o(.text) refers to system_stm32f10x.o(.data) for SystemCoreClock
    delay.o(.text) refers to delay.o(.data) for fac_us
    delay.o(.text) refers to os_core.o(.data) for OSRunning
    sys.o(.text) refers to misc.o(.text) for NVIC_PriorityGroupConfig
    usart.o(.text) refers (Special) to use_no_semi_2.o(.text) for __use_no_semihosting
    usart.o(.text) refers to stm32f10x_rcc.o(.text) for RCC_APB2PeriphClockCmd
    usart.o(.text) refers to stm32f10x_gpio.o(.text) for GPIO_Init
    usart.o(.text) refers to misc.o(.text) for NVIC_Init
    usart.o(.text) refers to stm32f10x_usart.o(.text) for USART_Init
    usart.o(.text) refers to os_core.o(.text) for OSIntEnter
    usart.o(.text) refers to usart.o(.data) for USART_RX_STA
    usart.o(.text) refers to usart.o(.bss) for USART_RX_BUF
    usart.o(.bss) refers (Special) to use_no_semi_2.o(.text) for __use_no_semihosting
    usart.o(.data) refers (Special) to use_no_semi_2.o(.text) for __use_no_semihosting
    startup_stm32f10x_hd.o(STACK) refers (Special) to heapauxi.o(.text) for __use_two_region_memory
    startup_stm32f10x_hd.o(HEAP) refers (Special) to heapauxi.o(.text) for __use_two_region_memory
    startup_stm32f10x_hd.o(RESET) refers (Special) to heapauxi.o(.text) for __use_two_region_memory
    startup_stm32f10x_hd.o(RESET) refers to startup_stm32f10x_hd.o(STACK) for __initial_sp
    startup_stm32f10x_hd.o(RESET) refers to startup_stm32f10x_hd.o(.text) for Reset_Handler
[...]

    BuildAttributes$$THM_ISAv4$P$D$K$B$S$PE$A:L22UL41UL21$X:L11$S22US41US21$IEEE1$IW$USESV6$~STKCKD$USESV7$~SHL$OSPACE$ROPI$EBA8$UX$STANDARDLIB$REQ8$PRES8$EABIv2 0x00000000   Number         0  anon$$obj.o ABSOLUTE
    __ARM_use_no_argv                        0x00000000   Number         0  main.o ABSOLUTE
    __ARM_exceptions_init                     - Undefined Weak Reference
    __alloca_initialize                       - Undefined Weak Reference
    __cpp_initialize__aeabi_                  - Undefined Weak Reference
    __cxa_finalize                            - Undefined Weak Reference
    __rt_locale                               - Undefined Weak Reference
    __sigvec_lookup                           - Undefined Weak Reference
    _atexit_init                              - Undefined Weak Reference
    _call_atexit_fns                          - Undefined Weak Reference
    _clock_init                               - Undefined Weak Reference
    _fp_trap_init                             - Undefined Weak Reference
    _fp_trap_shutdown                         - Undefined Weak Reference
    _get_lc_collate                           - Undefined Weak Reference
    _get_lc_ctype                             - Undefined Weak Reference
    _get_lc_monetary                          - Undefined Weak Reference
    _get_lc_numeric                           - Undefined Weak Reference
    _get_lc_time                              - Undefined Weak Reference
    _getenv_init                              - Undefined Weak Reference
    _handle_redirection                       - Undefined Weak Reference
    _init_alloc                               - Undefined Weak Reference
    _init_user_alloc                          - Undefined Weak Reference
    _initio                                   - Undefined Weak Reference
    _mutex_acquire                            - Undefined Weak Reference
    _mutex_release                            - Undefined Weak Reference
    _printf_post_padding                      - Undefined Weak Reference
    _printf_pre_padding                       - Undefined Weak Reference
    _printf_truncate_unsigned                 - Undefined Weak Reference
    _rand_init                                - Undefined Weak Reference
    _signal_finish                            - Undefined Weak Reference
    _signal_init                              - Undefined Weak Reference
    _terminate_alloc                          - Undefined Weak Reference
    _terminate_user_alloc                     - Undefined Weak Reference
    _terminateio                              - Undefined Weak Reference
    __Vectors_Size                           0x00000130   Number         0  startup_stm32f10x_hd.o ABSOLUTE
    __Vectors                                0x08000000   Data           4  startup_stm32f10x_hd.o(RESET)
    __Vectors_End                            0x08000130   Data           0  startup_stm32f10x_hd.o(RESET)
    __main                                   0x08000131   Thumb Code     8  __main.o(!!!main)
    __scatterload                            0x08000139   Thumb Code     0  __scatter.o(!!!scatter)
    __scatterload_rt2                        0x08000139   Thumb Code    44  __scatter.o(!!!scatter)
    __scatterload_rt2_thumb_only             0x08000139   Thumb Code     0  __scatter.o(!!!scatter)
    __scatterload_null                       0x08000147   Thumb Code     0  __scatter.o(!!!scatter)
    __decompress                             0x0800016d   Thumb Code    90  __dczerorl2.o(!!dczerorl2)
    __decompress1                            0x0800016d   Thumb Code     0  __dczerorl2.o(!!dczerorl2)
    __scatterload_zeroinit                   0x080001c9   Thumb Code    28  __scatter_zi.o(!!handler_zi)
    _printf_percent                          0x080001e5   Thumb Code     0  _printf_percent.o(.ARM.Collect$$_printf_percent$$00000000)
    _printf_x                                0x080001e5   Thumb Code     0  _printf_x.o(.ARM.Collect$$_printf_percent$$0000000C)
    _printf_percent_end                      0x080001eb   Thumb Code     0  _printf_percent_end.o(.ARM.Collect$$_printf_percent$$00000017)
    __rt_lib_init                            0x080001ef   Thumb Code     0  libinit.o(.ARM.Collect$$libinit$$00000000)
    __rt_lib_init_alloca_1                   0x080001f5   Thumb Code     0  libinit2.o(.ARM.Collect$$libinit$$0000002A)
    __rt_lib_init_argv_1                     0x080001f5   Thumb Code     0  libinit2.o(.ARM.Collect$$libinit$$00000028)
    __rt_lib_init_atexit_1                   0x080001f5   Thumb Code     0  libinit2.o(.ARM.Collect$$libinit$$00000017)
    __rt_lib_init_clock_1                    0x080001f5   Thumb Code     0  libinit2.o(.ARM.Collect$$libinit$$0000001D)
    __rt_lib_init_cpp_1                      0x080001f5   Thumb Code     0  libinit2.o(.ARM.Collect$$libinit$$0000002E)
    __rt_lib_init_exceptions_1               0x080001f5   Thumb Code     0  libinit2.o(.ARM.Collect$$libinit$$0000002C)
    __rt_lib_init_fp_trap_1                  0x080001f5   Thumb Code     0  libinit2.o(.ARM.Collect$$libinit$$0000001B)
    __rt_lib_init_getenv_1                   0x080001f5   Thumb Code     0  libinit2.o(.ARM.Collect$$libinit$$0000001F)
    __rt_lib_init_heap_1                     0x080001f5   Thumb Code     0  libinit2.o(.ARM.Collect$$libinit$$00000006)
    __rt_lib_init_lc_collate_1               0x080001f5   Thumb Code     0  libinit2.o(.ARM.Collect$$libinit$$0000000D)
    __rt_lib_init_lc_ctype_1                 0x080001f5   Thumb Code     0  libinit2.o(.ARM.Collect$$libinit$$0000000F)
    __rt_lib_init_lc_monetary_1              0x080001f5   Thumb Code     0  libinit2.o(.ARM.Collect$$libinit$$00000011)
    __rt_lib_init_lc_numeric_1               0x080001f5   Thumb Code     0  libinit2.o(.ARM.Collect$$libinit$$00000013)
    __rt_lib_init_lc_time_1                  0x080001f5   Thumb Code     0  libinit2.o(.ARM.Collect$$libinit$$00000015)
    __rt_lib_init_rand_1                     0x080001f5   Thumb Code     0  libinit2.o(.ARM.Collect$$libinit$$0000000A)
    __rt_lib_init_return                     0x080001f5   Thumb Code     0  libinit2.o(.ARM.Collect$$libinit$$0000002F)
    __rt_lib_init_signal_1                   0x080001f5   Thumb Code     0  libinit2.o(.ARM.Collect$$libinit$$00000019)
    __rt_lib_init_stdio_1                    0x080001f5   Thumb Code     0  libinit2.o(.ARM.Collect$$libinit$$00000021)
    __rt_lib_init_user_alloc_1               0x080001f5   Thumb Code     0  libinit2.o(.ARM.Collect$$libinit$$00000008)
    __rt_lib_shutdown                        0x080001f7   Thumb Code     0  libshutdown.o(.ARM.Collect$$libshutdown$$00000000)
    __rt_lib_shutdown_fp_trap_1              0x080001f9   Thumb Code     0  libshutdown2.o(.ARM.Collect$$libshutdown$$00000006)
    __rt_lib_shutdown_heap_1                 0x080001f9   Thumb Code     0  libshutdown2.o(.ARM.Collect$$libshutdown$$0000000E)
    __rt_lib_shutdown_return                 0x080001f9   Thumb Code     0  libshutdown2.o(.ARM.Collect$$libshutdown$$0000000F)
    __rt_lib_shutdown_signal_1               0x080001f9   Thumb Code     0  libshutdown2.o(.ARM.Collect$$libshutdown$$00000009)
    __rt_lib_shutdown_stdio_1                0x080001f9   Thumb Code     0  libshutdown2.o(.ARM.Collect$$libshutdown$$00000003)
    __rt_lib_shutdown_user_alloc_1           0x080001f9   Thumb Code     0  libshutdown2.o(.ARM.Collect$$libshutdown$$0000000B)
    __rt_entry                               0x080001fb   Thumb Code     0  rtentry.o(.ARM.Collect$$rtentry$$00000000)
    __rt_entry_presh_1                       0x080001fb   Thumb Code     0  rtentry2.o(.ARM.Collect$$rtentry$$00000002)
    __rt_entry_sh                            0x080001fb   Thumb Code     0  rtentry4.o(.ARM.Collect$$rtentry$$00000004)
    __rt_entry_li                            0x08000201   Thumb Code     0  rtentry2.o(.ARM.Collect$$rtentry$$0000000A)
    __rt_entry_postsh_1                      0x08000201   Thumb Code     0  rtentry2.o(.ARM.Collect$$rtentry$$00000009)
    __rt_entry_main                          0x08000205   Thumb Code     0  rtentry2.o(.ARM.Collect$$rtentry$$0000000D)
    __rt_entry_postli_1                      0x08000205   Thumb Code     0  rtentry2.o(.ARM.Collect$$rtentry$$0000000C)
    __rt_exit                                0x0800020d   Thumb Code     0  rtexit.o(.ARM.Collect$$rtexit$$00000000)
    __rt_exit_ls                             0x0800020f   Thumb Code     0  rtexit2.o(.ARM.Collect$$rtexit$$00000003)
    __rt_exit_prels_1                        0x0800020f   Thumb Code     0  rtexit2.o(.ARM.Collect$$rtexit$$00000002)
    __rt_exit_exit                           0x08000213   Thumb Code     0  rtexit2.o(.ARM.Collect$$rtexit$$00000004)
    SETID_task                               0x08000219   Thumb Code   150  main.o(.text)
    myled_task                               0x080002af   Thumb Code    38  main.o(.text)
    subcontrol                               0x080002d5   Thumb Code   292  main.o(.text)
    Receive_task                             0x080003f9   Thumb Code    80  main.o(.text)
    master_task                              0x08000449   Thumb Code  1420  main.o(.text)
    start_task                               0x080009d5   Thumb Code   196  main.o(.text)
    main                                     0x08000a99   Thumb Code   108  main.o(.text)
    NMI_Handler                              0x08000b0d   Thumb Code     2  stm32f10x_it.o(.text)
    HardFault_Handler                        0x08000b0f   Thumb Code     4  stm32f10x_it.o(.text)
    MemManage_Handler                        0x08000b13   Thumb Code     4  stm32f10x_it.o(.text)
    BusFault_Handler                         0x08000b17   Thumb Code     4  stm32f10x_it.o(.text)
    UsageFault_Handler                       0x08000b1b   Thumb Code     4  stm32f10x_it.o(.text)
    SVC_Handler                              0x08000b1f   Thumb Code     2  stm32f10x_it.o(.text)
    DebugMon_Handler                         0x08000b21   Thumb Code     2  stm32f10x_it.o(.text)
    SystemInit                               0x08000bed   Thumb Code    78  system_stm32f10x.o(.text)
    SystemCoreClockUpdate                    0x08000c3b   Thumb Code   142  system_stm32f10x.o(.text)
    IIC_Init                                 0x08000ced   Thumb Code    88  myiic.o(.text)
    IIC_Start                                0x08000d45   Thumb Code    76  myiic.o(.text)
    IIC_Stop                                 0x08000d91   Thumb Code    74  myiic.o(.text)
    IIC_Wait_Ack                             0x08000ddb   Thumb Code    90  myiic.o(.text)
    IIC_Ack                                  0x08000e35   Thumb Code    80  myiic.o(.text)
    IIC_NAck                                 0x08000e85   Thumb Code    80  myiic.o(.text)
    IIC_Send_Byte                            0x08000ed5   Thumb Code   104  myiic.o(.text)
    IIC_Read_Byte                            0x08000f3d   Thumb Code   106  myiic.o(.text)
    AT24CXX_Init                             0x08000fcd   Thumb Code     8  24cxx.o(.text)
    AT24CXX_ReadOneByte                      0x08000fd5   Thumb Code    84  24cxx.o(.text)
    AT24CXX_WriteOneByte                     0x08001029   Thumb Code    76  24cxx.o(.text)
    AT24CXX_WriteLenByte                     0x08001075   Thumb Code    42  24cxx.o(.text)
    AT24CXX_ReadLenByte                      0x0800109f   Thumb Code    44  24cxx.o(.text)
    AT24CXX_Check                            0x080010cb   Thumb Code    46  24cxx.o(.text)
    AT24CXX_Read                             0x080010f9   Thumb Code    34  24cxx.o(.text)
    AT24CXX_Write                            0x0800111b   Thumb Code    36  24cxx.o(.text)
    Adc_Init                                 0x08001141   Thumb Code   178  adc.o(.text)
    Get_Adc                                  0x080011f3   Thumb Code    46  adc.o(.text)
    Get_Adc_Average                          0x08001221   Thumb Code    40  adc.o(.text)
    RS485_Init                               0x08001251   Thumb Code   200  rs485.o(.text)
    SendBit_1621                             0x08001329   Thumb Code    66  ht1621.o(.text)
    SendCmd                                  0x0800136b   Thumb Code    40  ht1621.o(.text)
    HT1621_Init                              0x08001393   Thumb Code   156  ht1621.o(.text)
    SendDataBit_1621                         0x0800142f   Thumb Code    64  ht1621.o(.text)
    Write_1621                               0x0800146f   Thumb Code    52  ht1621.o(.text)
    WriteAll_1621                            0x080014a3   Thumb Code    70  ht1621.o(.text)
    Clera_lcd                                0x080014e9   Thumb Code    40  ht1621.o(.text)
    Graf_con_u                               0x08001511   Thumb Code   230  ht1621.o(.text)
    Graf_cuirrent                            0x080015f7   Thumb Code   186  ht1621.o(.text)
    Graf_qkvar                               0x080016b1   Thumb Code   234  ht1621.o(.text)
    Graf_temp                                0x0800179b   Thumb Code   106  ht1621.o(.text)
    Graf_id                                  0x08001805   Thumb Code   196  ht1621.o(.text)
    Graf_ver                                 0x080018c9   Thumb Code   114  ht1621.o(.text)
    Graf_setid                               0x0800193b   Thumb Code   106  ht1621.o(.text)
    HT595_Send_Byte                          0x080019a5   Thumb Code    88  ht1621.o(.text)
    KEY_Init                                 0x08001a15   Thumb Code    70  key.o(.text)
    key_idset                                0x08001a5b   Thumb Code   468  key.o(.text)
    LCD_WR_REG                               0x08001c6d   Thumb Code     6  lcd.o(.text)
    LCD_WR_DATA                              0x08001c73   Thumb Code     6  lcd.o(.text)
    LCD_RD_DATA                              0x08001c79   Thumb Code     6  lcd.o(.text)
    LCD_WriteReg                             0x08001c7f   Thumb Code    14  lcd.o(.text)
    LCD_ReadReg                              0x08001c8d   Thumb Code    22  lcd.o(.text)
    LCD_WriteRAM_Prepare                     0x08001ca3   Thumb Code    10  lcd.o(.text)
    LCD_WriteRAM                             0x08001cad   Thumb Code     6  lcd.o(.text)
    LCD_BGR2RGB                              0x08001cb3   Thumb Code    26  lcd.o(.text)
    opt_delay                                0x08001ccd   Thumb Code    14  lcd.o(.text)
    LCD_SetCursor                            0x08001cdb   Thumb Code   112  lcd.o(.text)
    LCD_ReadPoint                            0x08001d4b   Thumb Code   266  lcd.o(.text)
    LCD_DisplayOn                            0x08001e55   Thumb Code    46  lcd.o(.text)
    LCD_DisplayOff                           0x08001e83   Thumb Code    44  lcd.o(.text)
    LCD_Scan_Dir                             0x08001eaf   Thumb Code   466  lcd.o(.text)
    LCD_DrawPoint                            0x08002081   Thumb Code    28  lcd.o(.text)
    LCD_Fast_DrawPoint                       0x0800209d   Thumb Code   130  lcd.o(.text)
    LCD_Display_Dir                          0x0800211f   Thumb Code   240  lcd.o(.text)
    LCD_Clear                                0x0800220f   Thumb Code    44  lcd.o(.text)
    LCD_Init                                 0x0800223b   Thumb Code  6248  lcd.o(.text)
    LCD_Fill                                 0x08003aa3   Thumb Code    80  lcd.o(.text)
    LCD_Color_Fill                           0x08003af3   Thumb Code    94  lcd.o(.text)
    LCD_DrawLine                             0x08003b51   Thumb Code   176  lcd.o(.text)
    LCD_DrawRectangle                        0x08003c01   Thumb Code    60  lcd.o(.text)
    Draw_Circle                              0x08003c3d   Thumb Code   152  lcd.o(.text)
    LCD_ShowChar                             0x08003cd5   Thumb Code   366  lcd.o(.text)
    LCD_Pow                                  0x08003e43   Thumb Code    22  lcd.o(.text)
    LCD_ShowNum                              0x08003e59   Thumb Code   152  lcd.o(.text)
    LCD_ShowxNum                             0x08003ef1   Thumb Code   194  lcd.o(.text)
    LCD_ShowString                           0x08003fb3   Thumb Code   102  lcd.o(.text)
    SysTick_Handler                          0x0800402d   Thumb Code    16  delay.o(.text)
    delay_init                               0x0800403d   Thumb Code    76  delay.o(.text)
    delay_us                                 0x08004089   Thumb Code    70  delay.o(.text)
    delay_ms                                 0x080040cf   Thumb Code    62  delay.o(.text)
    nodelay_ms                               0x0800410d   Thumb Code    32  delay.o(.text)
    NVIC_Configuration                       0x08004141   Thumb Code    12  sys.o(.text)
    _sys_exit                                0x0800414d   Thumb Code     6  usart.o(.text)
    fputc                                    0x08004153   Thumb Code    20  usart.o(.text)
    uart_init                                0x08004167   Thumb Code   152  usart.o(.text)
    USART1_IRQHandler                        0x080041ff   Thumb Code   130  usart.o(.text)
    Reset_Handler                            0x08004295   Thumb Code     8  startup_stm32f10x_hd.o(.text)
    ADC1_2_IRQHandler                        0x080042af   Thumb Code     0  startup_stm32f10x_hd.o(.text)
    ADC3_IRQHandler                          0x080042af   Thumb Code     0  startup_stm32f10x_hd.o(.text)
    CAN1_RX1_IRQHandler                      0x080042af   Thumb Code     0  startup_stm32f10x_hd.o(.text)
    CAN1_SCE_IRQHandler                      0x080042af   Thumb Code     0  startup_stm32f10x_hd.o(.text)
    DMA1_Channel1_IRQHandler                 0x080042af   Thumb Code     0  startup_stm32f10x_hd.o(.text)
    DMA1_Channel2_IRQHandler                 0x080042af   Thumb Code     0  startup_stm32f10x_hd.o(.text)
    DMA1_Channel3_IRQHandler                 0x080042af   Thumb Code     0  startup_stm32f10x_hd.o(.text)
    DMA1_Channel4_IRQHandler                 0x080042af   Thumb Code     0  startup_stm32f10x_hd.o(.text)
    DMA1_Channel5_IRQHandler                 0x080042af   Thumb Code     0  startup_stm32f10x_hd.o(.text)
    DMA1_Channel6_IRQHandler                 0x080042af   Thumb Code     0  startup_stm32f10x_hd.o(.text)
    DMA1_Channel7_IRQHandler                 0x080042af   Thumb Code     0  startup_stm32f10x_hd.o(.text)
    DMA2_Channel1_IRQHandler                 0x080042af   Thumb Code     0  startup_stm32f10x_hd.o(.text)
    DMA2_Channel2_IRQHandler                 0x080042af   Thumb Code     0  startup_stm32f10x_hd.o(.text)
    DMA2_Channel3_IRQHandler                 0x080042af   Thumb Code     0  startup_stm32f10x_hd.o(.text)
    DMA2_Channel4_5_IRQHandler               0x080042af   Thumb Code     0  startup_stm32f10x_hd.o(.text)
    EXTI0_IRQHandler                         0x080042af   Thumb Code     0  startup_stm32f10x_hd.o(.text)
    EXTI15_10_IRQHandler                     0x080042af   Thumb Code     0  startup_stm32f10x_hd.o(.text)
    EXTI1_IRQHandler                         0x080042af   Thumb Code     0  startup_stm32f10x_hd.o(.text)
    EXTI2_IRQHandler                         0x080042af   Thumb Code     0  startup_stm32f10x_hd.o(.text)
    EXTI3_IRQHandler                         0x080042af   Thumb Code     0  startup_stm32f10x_hd.o(.text)
    EXTI4_IRQHandler                         0x080042af   Thumb Code     0  startup_stm32f10x_hd.o(.text)
    EXTI9_5_IRQHandler                       0x080042af   Thumb Code     0  startup_stm32f10x_hd.o(.text)
    FLASH_IRQHandler                         0x080042af   Thumb Code     0  startup_stm32f10x_hd.o(.text)
    FSMC_IRQHandler                          0x080042af   Thumb Code     0  startup_stm32f10x_hd.o(.text)
    I2C1_ER_IRQHandler                       0x080042af   Thumb Code     0  startup_stm32f10x_hd.o(.text)
    I2C1_EV_IRQHandler                       0x080042af   Thumb Code     0  startup_stm32f10x_hd.o(.text)
    I2C2_ER_IRQHandler                       0x080042af   Thumb Code     0  startup_stm32f10x_hd.o(.text)
    I2C2_EV_IRQHandler                       0x080042af   Thumb Code     0  startup_stm32f10x_hd.o(.text)
    PVD_IRQHandler                           0x080042af   Thumb Code     0  startup_stm32f10x_hd.o(.text)
    RCC_IRQHandler                           0x080042af   Thumb Code     0  startup_stm32f10x_hd.o(.text)
    RTCAlarm_IRQHandler                      0x080042af   Thumb Code     0  startup_stm32f10x_hd.o(.text)
    RTC_IRQHandler                           0x080042af   Thumb Code     0  startup_stm32f10x_hd.o(.text)
    SDIO_IRQHandler                          0x080042af   Thumb Code     0  startup_stm32f10x_hd.o(.text)
    SPI1_IRQHandler                          0x080042af   Thumb Code     0  startup_stm32f10x_hd.o(.text)
    SPI2_IRQHandler                          0x080042af   Thumb Code     0  startup_stm32f10x_hd.o(.text)
    SPI3_IRQHandler                          0x080042af   Thumb Code     0  startup_stm32f10x_hd.o(.text)
    TAMPER_IRQHandler                        0x080042af   Thumb Code     0  startup_stm32f10x_hd.o(.text)
    TIM1_BRK_IRQHandler                      0x080042af   Thumb Code     0  startup_stm32f10x_hd.o(.text)
    TIM1_CC_IRQHandler                       0x080042af   Thumb Code     0  startup_stm32f10x_hd.o(.text)
    TIM1_TRG_COM_IRQHandler                  0x080042af   Thumb Code     0  startup_stm32f10x_hd.o(.text)
    TIM1_UP_IRQHandler                       0x080042af   Thumb Code     0  startup_stm32f10x_hd.o(.text)
    TIM2_IRQHandler                          0x080042af   Thumb Code     0  startup_stm32f10x_hd.o(.text)
    TIM5_IRQHandler                          0x080042af   Thumb Code     0  startup_stm32f10x_hd.o(.text)
    TIM6_IRQHandler                          0x080042af   Thumb Code     0  startup_stm32f10x_hd.o(.text)
    TIM7_IRQHandler                          0x080042af   Thumb Code     0  startup_stm32f10x_hd.o(.text)
    TIM8_BRK_IRQHandler                      0x080042af   Thumb Code     0  startup_stm32f10x_hd.o(.text)
    TIM8_CC_IRQHandler                       0x080042af   Thumb Code     0  startup_stm32f10x_hd.o(.text)
    TIM8_TRG_COM_IRQHandler                  0x080042af   Thumb Code     0  startup_stm32f10x_hd.o(.text)
    TIM8_UP_IRQHandler                       0x080042af   Thumb Code     0  startup_stm32f10x_hd.o(.text)
    UART4_IRQHandler                         0x080042af   Thumb Code     0  startup_stm32f10x_hd.o(.text)
    UART5_IRQHandler                         0x080042af   Thumb Code     0  startup_stm32f10x_hd.o(.text)
    USART3_IRQHandler                        0x080042af   Thumb Code     0  startup_stm32f10x_hd.o(.text)
    USBWakeUp_IRQHandler                     0x080042af   Thumb Code     0  startup_stm32f10x_hd.o(.text)
    USB_HP_CAN1_TX_IRQHandler                0x080042af   Thumb Code     0  startup_stm32f10x_hd.o(.text)
    USB_LP_CAN1_RX0_IRQHandler               0x080042af   Thumb Code     0  startup_stm32f10x_hd.o(.text)
    WWDG_IRQHandler                          0x080042af   Thumb Code     0  startup_stm32f10x_hd.o(.text)
    __user_initial_stackheap                 0x080042b1   Thumb Code     0  startup_stm32f10x_hd.o(.text)
    NVIC_PriorityGroupConfig                 0x080042d5   Thumb Code    10  misc.o(.text)
    NVIC_Init                                0x080042df   Thumb Code   118  misc.o(.text)
    NVIC_SetVectorTable                      0x08004355   Thumb Code    12  misc.o(.text)
    NVIC_SystemLPConfig                      0x08004361   Thumb Code    38  misc.o(.text)
    SysTick_CLKSourceConfig                  0x08004387   Thumb Code    40  misc.o(.text)
    FSMC_NORSRAMDeInit                       0x080043cd   Thumb Code    56  stm32f10x_fsmc.o(.text)
    FSMC_NANDDeInit                          0x08004405   Thumb Code    62  stm32f10x_fsmc.o(.text)
    FSMC_PCCARDDeInit                        0x08004443   Thumb Code    40  stm32f10x_fsmc.o(.text)
    FSMC_NORSRAMInit                         0x0800446b   Thumb Code   224  stm32f10x_fsmc.o(.text)
    FSMC_NANDInit                            0x0800454b   Thumb Code   130  stm32f10x_fsmc.o(.text)
    FSMC_PCCARDInit                          0x080045cd   Thumb Code   124  stm32f10x_fsmc.o(.text)
    FSMC_NORSRAMStructInit                   0x08004649   Thumb Code   114  stm32f10x_fsmc.o(.text)
    FSMC_NANDStructInit                      0x080046bb   Thumb Code    54  stm32f10x_fsmc.o(.text)
    FSMC_PCCARDStructInit                    0x080046f1   Thumb Code    60  stm32f10x_fsmc.o(.text)
    FSMC_NORSRAMCmd                          0x0800472d   Thumb Code    46  stm32f10x_fsmc.o(.text)
    FSMC_NANDCmd                             0x0800475b   Thumb Code    86  stm32f10x_fsmc.o(.text)
    FSMC_PCCARDCmd                           0x080047b1   Thumb Code    40  stm32f10x_fsmc.o(.text)
    FSMC_NANDECCCmd                          0x080047d9   Thumb Code   118  stm32f10x_fsmc.o(.text)
    FSMC_GetECC                              0x0800484f   Thumb Code    22  stm32f10x_fsmc.o(.text)
    FSMC_ITConfig                            0x08004865   Thumb Code   128  stm32f10x_fsmc.o(.text)
    FSMC_GetFlagStatus                       0x080048e5   Thumb Code    48  stm32f10x_fsmc.o(.text)
    FSMC_ClearFlag                           0x08004915   Thumb Code    62  stm32f10x_fsmc.o(.text)
    FSMC_GetITStatus                         0x08004953   Thumb Code    60  stm32f10x_fsmc.o(.text)
    FSMC_ClearITPendingBit                   0x0800498f   Thumb Code    64  stm32f10x_fsmc.o(.text)
    GPIO_DeInit                              0x080049e5   Thumb Code   172  stm32f10x_gpio.o(.text)
    GPIO_AFIODeInit                          0x08004a91   Thumb Code    20  stm32f10x_gpio.o(.text)
    GPIO_Init                                0x08004aa5   Thumb Code   274  stm32f10x_gpio.o(.text)
    GPIO_StructInit                          0x08004bb7   Thumb Code    16  stm32f10x_gpio.o(.text)
    GPIO_ReadInputDataBit                    0x08004bc7   Thumb Code    18  stm32f10x_gpio.o(.text)
    GPIO_ReadInputData                       0x08004bd9   Thumb Code     8  stm32f10x_gpio.o(.text)
    GPIO_ReadOutputDataBit                   0x08004be1   Thumb Code    18  stm32f10x_gpio.o(.text)
    GPIO_ReadOutputData                      0x08004bf3   Thumb Code     8  stm32f10x_gpio.o(.text)
    GPIO_SetBits                             0x08004bfb   Thumb Code     4  stm32f10x_gpio.o(.text)
    GPIO_ResetBits                           0x08004bff   Thumb Code     4  stm32f10x_gpio.o(.text)
    GPIO_WriteBit                            0x08004c03   Thumb Code    10  stm32f10x_gpio.o(.text)
    GPIO_Write                               0x08004c0d   Thumb Code     4  stm32f10x_gpio.o(.text)
    GPIO_PinLockConfig                       0x08004c11   Thumb Code    18  stm32f10x_gpio.o(.text)
    GPIO_EventOutputConfig                   0x08004c23   Thumb Code    26  stm32f10x_gpio.o(.text)
    GPIO_EventOutputCmd                      0x08004c3d   Thumb Code     6  stm32f10x_gpio.o(.text)
    GPIO_PinRemapConfig                      0x08004c43   Thumb Code   138  stm32f10x_gpio.o(.text)
    GPIO_EXTILineConfig                      0x08004ccd   Thumb Code    66  stm32f10x_gpio.o(.text)
    GPIO_ETH_MediaInterfaceConfig            0x08004d0f   Thumb Code     6  stm32f10x_gpio.o(.text)
    RCC_DeInit                               0x08004d3d   Thumb Code    64  stm32f10x_rcc.o(.text)
    RCC_HSEConfig                            0x08004d7d   Thumb Code    70  stm32f10x_rcc.o(.text)
    RCC_GetFlagStatus                        0x08004dc3   Thumb Code    56  stm32f10x_rcc.o(.text)
    RCC_WaitForHSEStartUp                    0x08004dfb   Thumb Code    48  stm32f10x_rcc.o(.text)
    RCC_AdjustHSICalibrationValue            0x08004e2b   Thumb Code    20  stm32f10x_rcc.o(.text)
    RCC_HSICmd                               0x08004e3f   Thumb Code     6  stm32f10x_rcc.o(.text)
    RCC_PLLConfig                            0x08004e45   Thumb Code    24  stm32f10x_rcc.o(.text)
    RCC_PLLCmd                               0x08004e5d   Thumb Code     6  stm32f10x_rcc.o(.text)
    RCC_SYSCLKConfig                         0x08004e63   Thumb Code    18  stm32f10x_rcc.o(.text)
    RCC_GetSYSCLKSource                      0x08004e75   Thumb Code    10  stm32f10x_rcc.o(.text)
    RCC_HCLKConfig                           0x08004e7f   Thumb Code    18  stm32f10x_rcc.o(.text)
    RCC_PCLK1Config                          0x08004e91   Thumb Code    18  stm32f10x_rcc.o(.text)
    RCC_PCLK2Config                          0x08004ea3   Thumb Code    20  stm32f10x_rcc.o(.text)
    RCC_ITConfig                             0x08004eb7   Thumb Code    30  stm32f10x_rcc.o(.text)
    RCC_USBCLKConfig                         0x08004ed5   Thumb Code     6  stm32f10x_rcc.o(.text)
    RCC_ADCCLKConfig                         0x08004edb   Thumb Code    18  stm32f10x_rcc.o(.text)
    RCC_LSEConfig                            0x08004eed   Thumb Code    44  stm32f10x_rcc.o(.text)
    RCC_LSICmd                               0x08004f19   Thumb Code     6  stm32f10x_rcc.o(.text)
    RCC_RTCCLKConfig                         0x08004f1f   Thumb Code    12  stm32f10x_rcc.o(.text)
    RCC_RTCCLKCmd                            0x08004f2b   Thumb Code     6  stm32f10x_rcc.o(.text)
    RCC_GetClocksFreq                        0x08004f31   Thumb Code   192  stm32f10x_rcc.o(.text)
    RCC_AHBPeriphClockCmd                    0x08004ff1   Thumb Code    26  stm32f10x_rcc.o(.text)
    RCC_APB2PeriphClockCmd                   0x0800500b   Thumb Code    26  stm32f10x_rcc.o(.text)
    RCC_APB1PeriphClockCmd                   0x08005025   Thumb Code    26  stm32f10x_rcc.o(.text)
    RCC_APB2PeriphResetCmd                   0x0800503f   Thumb Code    26  stm32f10x_rcc.o(.text)
    RCC_APB1PeriphResetCmd                   0x08005059   Thumb Code    26  stm32f10x_rcc.o(.text)
    RCC_BackupResetCmd                       0x08005073   Thumb Code     6  stm32f10x_rcc.o(.text)
    RCC_ClockSecuritySystemCmd               0x08005079   Thumb Code     6  stm32f10x_rcc.o(.text)
    RCC_MCOConfig                            0x0800507f   Thumb Code     6  stm32f10x_rcc.o(.text)
    RCC_ClearFlag                            0x08005085   Thumb Code    14  stm32f10x_rcc.o(.text)
    RCC_GetITStatus                          0x08005093   Thumb Code    20  stm32f10x_rcc.o(.text)
    RCC_ClearITPendingBit                    0x080050a7   Thumb Code     6  stm32f10x_rcc.o(.text)
    USART_DeInit                             0x080050e1   Thumb Code   134  stm32f10x_usart.o(.text)
    USART_Init                               0x08005167   Thumb Code   210  stm32f10x_usart.o(.text)
    USART_StructInit                         0x08005239   Thumb Code    24  stm32f10x_usart.o(.text)
    USART_ClockInit                          0x08005251   Thumb Code    34  stm32f10x_usart.o(.text)
    USART_ClockStructInit                    0x08005273   Thumb Code    12  stm32f10x_usart.o(.text)
    USART_Cmd                                0x0800527f   Thumb Code    24  stm32f10x_usart.o(.text)
    USART_ITConfig                           0x08005297   Thumb Code    74  stm32f10x_usart.o(.text)
    USART_DMACmd                             0x080052e1   Thumb Code    24  stm32f10x_usart.o(.text)
    USART_SetAddress                         0x080052f9   Thumb Code    18  stm32f10x_usart.o(.text)
    USART_WakeUpConfig                       0x0800530b   Thumb Code    18  stm32f10x_usart.o(.text)
    USART_ReceiverWakeUpCmd                  0x0800531d   Thumb Code    24  stm32f10x_usart.o(.text)
    USART_LINBreakDetectLengthConfig         0x08005335   Thumb Code    18  stm32f10x_usart.o(.text)
    USART_LINCmd                             0x08005347   Thumb Code    24  stm32f10x_usart.o(.text)
    USART_SendData                           0x0800535f   Thumb Code     8  stm32f10x_usart.o(.text)
    USART_ReceiveData                        0x08005367   Thumb Code    10  stm32f10x_usart.o(.text)
    USART_SendBreak                          0x08005371   Thumb Code    10  stm32f10x_usart.o(.text)
    USART_SetGuardTime                       0x0800537b   Thumb Code    16  stm32f10x_usart.o(.text)
    USART_SetPrescaler                       0x0800538b   Thumb Code    16  stm32f10x_usart.o(.text)
    USART_SmartCardCmd                       0x0800539b   Thumb Code    24  stm32f10x_usart.o(.text)
    USART_SmartCardNACKCmd                   0x080053b3   Thumb Code    24  stm32f10x_usart.o(.text)
    USART_HalfDuplexCmd                      0x080053cb   Thumb Code    24  stm32f10x_usart.o(.text)
    USART_OverSampling8Cmd                   0x080053e3   Thumb Code    22  stm32f10x_usart.o(.text)
    USART_OneBitMethodCmd                    0x080053f9   Thumb Code    24  stm32f10x_usart.o(.text)
    USART_IrDAConfig                         0x08005411   Thumb Code    18  stm32f10x_usart.o(.text)
    USART_IrDACmd                            0x08005423   Thumb Code    24  stm32f10x_usart.o(.text)
    USART_GetFlagStatus                      0x0800543b   Thumb Code    26  stm32f10x_usart.o(.text)
    USART_ClearFlag                          0x08005455   Thumb Code    18  stm32f10x_usart.o(.text)
    USART_GetITStatus                        0x08005467   Thumb Code    84  stm32f10x_usart.o(.text)
    USART_ClearITPendingBit                  0x080054bb   Thumb Code    50  stm32f10x_usart.o(.text)
    ADC_DeInit                               0x080054ed   Thumb Code    78  stm32f10x_adc.o(.text)
    ADC_Init                                 0x0800553b   Thumb Code    70  stm32f10x_adc.o(.text)
    ADC_StructInit                           0x08005581   Thumb Code    18  stm32f10x_adc.o(.text)
    ADC_Cmd                                  0x08005593   Thumb Code    22  stm32f10x_adc.o(.text)
    ADC_DMACmd                               0x080055a9   Thumb Code    22  stm32f10x_adc.o(.text)
    ADC_ITConfig                             0x080055bf   Thumb Code    24  stm32f10x_adc.o(.text)
    ADC_ResetCalibration                     0x080055d7   Thumb Code    10  stm32f10x_adc.o(.text)
    ADC_GetResetCalibrationStatus            0x080055e1   Thumb Code    20  stm32f10x_adc.o(.text)
    ADC_StartCalibration                     0x080055f5   Thumb Code    10  stm32f10x_adc.o(.text)
    ADC_GetCalibrationStatus                 0x080055ff   Thumb Code    20  stm32f10x_adc.o(.text)
    ADC_SoftwareStartConvCmd                 0x08005613   Thumb Code    22  stm32f10x_adc.o(.text)
    ADC_GetSoftwareStartConvStatus           0x08005629   Thumb Code    20  stm32f10x_adc.o(.text)
    ADC_DiscModeChannelCountConfig           0x0800563d   Thumb Code    24  stm32f10x_adc.o(.text)
    ADC_DiscModeCmd                          0x08005655   Thumb Code    22  stm32f10x_adc.o(.text)
    ADC_RegularChannelConfig                 0x0800566b   Thumb Code   184  stm32f10x_adc.o(.text)
    ADC_ExternalTrigConvCmd                  0x08005723   Thumb Code    22  stm32f10x_adc.o(.text)
    ADC_GetConversionValue                   0x08005739   Thumb Code     8  stm32f10x_adc.o(.text)
    ADC_GetDualModeConversionValue           0x08005741   Thumb Code     6  stm32f10x_adc.o(.text)
    ADC_AutoInjectedConvCmd                  0x08005747   Thumb Code    22  stm32f10x_adc.o(.text)
    ADC_InjectedDiscModeCmd                  0x0800575d   Thumb Code    22  stm32f10x_adc.o(.text)
    ADC_ExternalTrigInjectedConvConfig       0x08005773   Thumb Code    16  stm32f10x_adc.o(.text)
    ADC_ExternalTrigInjectedConvCmd          0x08005783   Thumb Code    22  stm32f10x_adc.o(.text)
    ADC_SoftwareStartInjectedConvCmd         0x08005799   Thumb Code    22  stm32f10x_adc.o(.text)
    ADC_GetSoftwareStartInjectedConvCmdStatus 0x080057af   Thumb Code    20  stm32f10x_adc.o(.text)
    ADC_InjectedChannelConfig                0x080057c3   Thumb Code   130  stm32f10x_adc.o(.text)
    ADC_InjectedSequencerLengthConfig        0x08005845   Thumb Code    24  stm32f10x_adc.o(.text)
    ADC_SetInjectedOffset                    0x0800585d   Thumb Code    12  stm32f10x_adc.o(.text)
    ADC_GetInjectedConversionValue           0x08005869   Thumb Code    18  stm32f10x_adc.o(.text)
    ADC_AnalogWatchdogCmd                    0x0800587b   Thumb Code    16  stm32f10x_adc.o(.text)
    ADC_AnalogWatchdogThresholdsConfig       0x0800588b   Thumb Code     6  stm32f10x_adc.o(.text)
    ADC_AnalogWatchdogSingleChannelConfig    0x08005891   Thumb Code    16  stm32f10x_adc.o(.text)
    ADC_TempSensorVrefintCmd                 0x080058a1   Thumb Code    34  stm32f10x_adc.o(.text)
    ADC_GetFlagStatus                        0x080058c3   Thumb Code    54  stm32f10x_adc.o(.text)
    ADC_ClearFlag                            0x080058f9   Thumb Code     6  stm32f10x_adc.o(.text)
    ADC_GetITStatus                          0x080058ff   Thumb Code    36  stm32f10x_adc.o(.text)
    ADC_ClearITPendingBit                    0x08005923   Thumb Code    10  stm32f10x_adc.o(.text)
    TIM_DeInit                               0x0800592d   Thumb Code   424  stm32f10x_tim.o(.text)
    TIM_TimeBaseInit                         0x08005ad5   Thumb Code   122  stm32f10x_tim.o(.text)
    TIM_OC1Init                              0x08005b4f   Thumb Code   132  stm32f10x_tim.o(.text)
    TIM_OC2Init                              0x08005bd3   Thumb Code   146  stm32f10x_tim.o(.text)
    TIM_OC3Init                              0x08005c65   Thumb Code   142  stm32f10x_tim.o(.text)
    TIM_OC4Init                              0x08005cf3   Thumb Code   172  stm32f10x_tim.o(.text)
    TIM_SetIC4Prescaler                      0x08005d9f   Thumb Code    22  stm32f10x_tim.o(.text)
    TIM_SetIC3Prescaler                      0x08005e2b   Thumb Code    18  stm32f10x_tim.o(.text)
    TIM_SetIC2Prescaler                      0x08005eaf   Thumb Code    22  stm32f10x_tim.o(.text)
    TIM_SetIC1Prescaler                      0x08005f3b   Thumb Code    18  stm32f10x_tim.o(.text)
    TIM_ICInit                               0x08005fb7   Thumb Code   150  stm32f10x_tim.o(.text)
    TIM_PWMIConfig                           0x0800604d   Thumb Code   124  stm32f10x_tim.o(.text)
    TIM_BDTRConfig                           0x080060c9   Thumb Code    32  stm32f10x_tim.o(.text)
    TIM_TimeBaseStructInit                   0x080060e9   Thumb Code    18  stm32f10x_tim.o(.text)
    TIM_OCStructInit                         0x080060fb   Thumb Code    20  stm32f10x_tim.o(.text)
    TIM_ICStructInit                         0x0800610f   Thumb Code    18  stm32f10x_tim.o(.text)
    TIM_BDTRStructInit                       0x08006121   Thumb Code    18  stm32f10x_tim.o(.text)
    TIM_Cmd                                  0x08006133   Thumb Code    24  stm32f10x_tim.o(.text)
    TIM_CtrlPWMOutputs                       0x0800614b   Thumb Code    52  stm32f10x_tim.o(.text)
    TIM_ITConfig                             0x0800617f   Thumb Code    24  stm32f10x_tim.o(.text)
    TIM_GenerateEvent                        0x08006197   Thumb Code     4  stm32f10x_tim.o(.text)
    TIM_DMAConfig                            0x0800619b   Thumb Code    10  stm32f10x_tim.o(.text)
    TIM_DMACmd                               0x080061a5   Thumb Code    24  stm32f10x_tim.o(.text)
    TIM_InternalClockConfig                  0x080061bd   Thumb Code    12  stm32f10x_tim.o(.text)
    TIM_SelectInputTrigger                   0x080061c9   Thumb Code    18  stm32f10x_tim.o(.text)
    TIM_ITRxExternalClockConfig              0x080061db   Thumb Code    24  stm32f10x_tim.o(.text)
    TIM_TIxExternalClockConfig               0x080061f3   Thumb Code    62  stm32f10x_tim.o(.text)
    TIM_ETRConfig                            0x08006231   Thumb Code    24  stm32f10x_tim.o(.text)
    TIM_ETRClockMode1Config                  0x08006249   Thumb Code    54  stm32f10x_tim.o(.text)
    TIM_ETRClockMode2Config                  0x0800627f   Thumb Code    32  stm32f10x_tim.o(.text)
    TIM_PrescalerConfig                      0x0800629f   Thumb Code     6  stm32f10x_tim.o(.text)
    TIM_CounterModeConfig                    0x080062a5   Thumb Code    18  stm32f10x_tim.o(.text)
    TIM_EncoderInterfaceConfig               0x080062b7   Thumb Code    62  stm32f10x_tim.o(.text)
    TIM_ForcedOC1Config                      0x080062f5   Thumb Code    18  stm32f10x_tim.o(.text)
    TIM_ForcedOC2Config                      0x08006307   Thumb Code    22  stm32f10x_tim.o(.text)
    TIM_ForcedOC3Config                      0x0800631d   Thumb Code    18  stm32f10x_tim.o(.text)
    TIM_ForcedOC4Config                      0x0800632f   Thumb Code    22  stm32f10x_tim.o(.text)
    TIM_ARRPreloadConfig                     0x08006345   Thumb Code    24  stm32f10x_tim.o(.text)
    TIM_SelectCOM                            0x0800635d   Thumb Code    24  stm32f10x_tim.o(.text)
    TIM_SelectCCDMA                          0x08006375   Thumb Code    24  stm32f10x_tim.o(.text)
    TIM_CCPreloadControl                     0x0800638d   Thumb Code    24  stm32f10x_tim.o(.text)
    TIM_OC1PreloadConfig                     0x080063a5   Thumb Code    18  stm32f10x_tim.o(.text)
    TIM_OC2PreloadConfig                     0x080063b7   Thumb Code    22  stm32f10x_tim.o(.text)
    TIM_OC3PreloadConfig                     0x080063cd   Thumb Code    18  stm32f10x_tim.o(.text)
    TIM_OC4PreloadConfig                     0x080063df   Thumb Code    22  stm32f10x_tim.o(.text)
    TIM_OC1FastConfig                        0x080063f5   Thumb Code    18  stm32f10x_tim.o(.text)
    TIM_OC2FastConfig                        0x08006407   Thumb Code    22  stm32f10x_tim.o(.text)
    TIM_OC3FastConfig                        0x0800641d   Thumb Code    18  stm32f10x_tim.o(.text)
    TIM_OC4FastConfig                        0x0800642f   Thumb Code    22  stm32f10x_tim.o(.text)
    TIM_ClearOC1Ref                          0x08006445   Thumb Code    18  stm32f10x_tim.o(.text)
    TIM_ClearOC2Ref                          0x08006457   Thumb Code    20  stm32f10x_tim.o(.text)
    TIM_ClearOC3Ref                          0x0800646b   Thumb Code    18  stm32f10x_tim.o(.text)
    TIM_ClearOC4Ref                          0x0800647d   Thumb Code    20  stm32f10x_tim.o(.text)
    TIM_OC1PolarityConfig                    0x08006491   Thumb Code    18  stm32f10x_tim.o(.text)
    TIM_OC1NPolarityConfig                   0x080064a3   Thumb Code    18  stm32f10x_tim.o(.text)
    TIM_OC2PolarityConfig                    0x080064b5   Thumb Code    22  stm32f10x_tim.o(.text)
    TIM_OC2NPolarityConfig                   0x080064cb   Thumb Code    22  stm32f10x_tim.o(.text)
    TIM_OC3PolarityConfig                    0x080064e1   Thumb Code    22  stm32f10x_tim.o(.text)
    TIM_OC3NPolarityConfig                   0x080064f7   Thumb Code    22  stm32f10x_tim.o(.text)
    TIM_OC4PolarityConfig                    0x0800650d   Thumb Code    22  stm32f10x_tim.o(.text)
    TIM_CCxCmd                               0x08006523   Thumb Code    34  stm32f10x_tim.o(.text)
    TIM_CCxNCmd                              0x08006545   Thumb Code    34  stm32f10x_tim.o(.text)
    TIM_SelectOCxM                           0x08006567   Thumb Code    82  stm32f10x_tim.o(.text)
    TIM_UpdateDisableConfig                  0x080065b9   Thumb Code    24  stm32f10x_tim.o(.text)
    TIM_UpdateRequestConfig                  0x080065d1   Thumb Code    24  stm32f10x_tim.o(.text)
    TIM_SelectHallSensor                     0x080065e9   Thumb Code    24  stm32f10x_tim.o(.text)
    TIM_SelectOnePulseMode                   0x08006601   Thumb Code    18  stm32f10x_tim.o(.text)
    TIM_SelectOutputTrigger                  0x08006613   Thumb Code    18  stm32f10x_tim.o(.text)
    TIM_SelectSlaveMode                      0x08006625   Thumb Code    18  stm32f10x_tim.o(.text)
    TIM_SelectMasterSlaveMode                0x08006637   Thumb Code    18  stm32f10x_tim.o(.text)
    TIM_SetCounter                           0x08006649   Thumb Code     4  stm32f10x_tim.o(.text)
    TIM_SetAutoreload                        0x0800664d   Thumb Code     4  stm32f10x_tim.o(.text)
    TIM_SetCompare1                          0x08006651   Thumb Code     4  stm32f10x_tim.o(.text)
    TIM_SetCompare2                          0x08006655   Thumb Code     4  stm32f10x_tim.o(.text)
    TIM_SetCompare3                          0x08006659   Thumb Code     4  stm32f10x_tim.o(.text)
    TIM_SetCompare4                          0x0800665d   Thumb Code     6  stm32f10x_tim.o(.text)
    TIM_SetClockDivision                     0x08006663   Thumb Code    18  stm32f10x_tim.o(.text)
    TIM_GetCapture1                          0x08006675   Thumb Code     6  stm32f10x_tim.o(.text)
    TIM_GetCapture2                          0x0800667b   Thumb Code     6  stm32f10x_tim.o(.text)
    TIM_GetCapture3                          0x08006681   Thumb Code     6  stm32f10x_tim.o(.text)
    TIM_GetCapture4                          0x08006687   Thumb Code     8  stm32f10x_tim.o(.text)
    TIM_GetCounter                           0x0800668f   Thumb Code     6  stm32f10x_tim.o(.text)
    TIM_GetPrescaler                         0x08006695   Thumb Code     6  stm32f10x_tim.o(.text)
    TIM_GetFlagStatus                        0x0800669b   Thumb Code    18  stm32f10x_tim.o(.text)
    TIM_ClearFlag                            0x080066ad   Thumb Code     6  stm32f10x_tim.o(.text)
    TIM_GetITStatus                          0x080066b3   Thumb Code    34  stm32f10x_tim.o(.text)
    TIM_ClearITPendingBit                    0x080066d5   Thumb Code     6  stm32f10x_tim.o(.text)
    TIM4_Int_Init                            0x080066dd   Thumb Code    90  485ann.o(.text)
    RS485_Send_Data                          0x08006737   Thumb Code    74  485ann.o(.text)
    order_trans_rs485                        0x08006781   Thumb Code   132  485ann.o(.text)
    turn_master_id                           0x08006805   Thumb Code    70  485ann.o(.text)
    TIM4_IRQHandler                          0x0800684b   Thumb Code   290  485ann.o(.text)
    TIM3_Cap_Init                            0x0800696d   Thumb Code   312  485ann.o(.text)
    TIM3_IRQHandler                          0x08006aa5   Thumb Code   304  485ann.o(.text)
    USART2_IRQHandler                        0x08006bd5   Thumb Code   126  485ann.o(.text)
    initmybox                                0x08006c53   Thumb Code    40  485ann.o(.text)
    comp_16                                  0x08006c7b   Thumb Code    22  485ann.o(.text)
    rs485_trans_order                        0x08006c91   Thumb Code    86  485ann.o(.text)
    Heartbeat_task                           0x08006ce7   Thumb Code    56  485ann.o(.text)
    heartbeat                                0x08006d1f   Thumb Code    42  485ann.o(.text)
    led_on_off                               0x08006d49   Thumb Code    84  485ann.o(.text)
    init_mystatus                            0x08006d9d   Thumb Code    30  485ann.o(.text)
    set_now_mystatus                         0x08006dbb   Thumb Code    24  485ann.o(.text)
    status_trans_rs485                       0x08006dd3   Thumb Code    70  485ann.o(.text)
    rs485_trans_status                       0x08006e19   Thumb Code    78  485ann.o(.text)
    set_statuslist_1                         0x08006e67   Thumb Code    32  485ann.o(.text)
    set_statuslist_2                         0x08006e87   Thumb Code    32  485ann.o(.text)
    LIGHT                                    0x08006ea7   Thumb Code    70  485ann.o(.text)
    delay_time                               0x08006eed   Thumb Code    12  485ann.o(.text)
    Alarm                                    0x08006ef9   Thumb Code   316  485ann.o(.text)
    key_lcd                                  0x08007035   Thumb Code    12  485ann.o(.text)
    temperature                              0x08007041   Thumb Code    48  485ann.o(.text)
    gonglvyinshu                             0x08007071   Thumb Code   778  485ann.o(.text)
    myled                                    0x0800737b   Thumb Code    22  485ann.o(.text)
    sort_idlenode_list                       0x08007391   Thumb Code   478  485ann.o(.text)
    inquiry_slave_status                     0x0800756f   Thumb Code   110  485ann.o(.text)
    offset_idlepower                         0x080075dd   Thumb Code   226  485ann.o(.text)
    sort_busynode_list                       0x080076bf   Thumb Code   652  485ann.o(.text)
    turn_idlenode_list                       0x0800794b   Thumb Code   714  485ann.o(.text)
    turn_power                               0x08007c15   Thumb Code   768  485ann.o(.text)
    sort_busynode_list_asc                   0x08007f15   Thumb Code   684  485ann.o(.text)
    unload_power                             0x080081c1   Thumb Code   384  485ann.o(.text)
    C_unload_power                           0x08008341   Thumb Code   362  485ann.o(.text)
    power_computer                           0x080084ab   Thumb Code   514  485ann.o(.text)
    OS_TaskStatStkChk                        0x080086b9   Thumb Code    54  os_core.o(.text)
    OS_TaskStat                              0x080086ef   Thumb Code   116  os_core.o(.text)
    OS_TaskIdle                              0x0800879b   Thumb Code    34  os_core.o(.text)
    OS_MemClr                                0x080087f5   Thumb Code    18  os_core.o(.text)
    OSInit                                   0x08008913   Thumb Code    44  os_core.o(.text)
    OSIntEnter                               0x0800893f   Thumb Code    28  os_core.o(.text)
    OSIntExit                                0x08008975   Thumb Code   112  os_core.o(.text)
    OSSchedLock                              0x080089e5   Thumb Code    50  os_core.o(.text)
    OS_Sched                                 0x08008a17   Thumb Code    88  os_core.o(.text)
    OSSchedUnlock                            0x08008a6f   Thumb Code   230  os_core.o(.text)
    OSStart                                  0x08008b55   Thumb Code    48  os_core.o(.text)
    OSStatInit                               0x08008b85   Thumb Code    62  os_core.o(.text)
    OSTimeTick                               0x08008bc3   Thumb Code   218  os_core.o(.text)
    OSVersion                                0x08008c9d   Thumb Code     6  os_core.o(.text)
    OS_Dummy                                 0x08008ca3   Thumb Code     2  os_core.o(.text)
    OS_EventTaskRemove                       0x08008ca5   Thumb Code    50  os_core.o(.text)
    OS_EventTaskRdy                          0x08008cd7   Thumb Code   124  os_core.o(.text)
    OS_EventTaskWait                         0x08008d53   Thumb Code   120  os_core.o(.text)
    OS_EventWaitListInit                     0x08008dcb   Thumb Code    28  os_core.o(.text)
    OS_MemCopy                               0x08008de7   Thumb Code    20  os_core.o(.text)
    OS_StrLen                                0x08008dfb   Thumb Code    20  os_core.o(.text)
    OS_TCBInit                               0x08008e0f   Thumb Code   366  os_core.o(.text)
    OSFlagAccept                             0x08008f7d   Thumb Code   268  os_flag.o(.text)
    OSFlagCreate                             0x08009089   Thumb Code    86  os_flag.o(.text)
    OS_FlagUnlink                            0x080090df   Thumb Code    36  os_flag.o(.text)
    OSFlagDel                                0x08009163   Thumb Code   214  os_flag.o(.text)
    OSFlagNameGet                            0x08009239   Thumb Code    80  os_flag.o(.text)
    OSFlagNameSet                            0x08009289   Thumb Code    66  os_flag.o(.text)
    OSFlagPend                               0x08009373   Thumb Code   632  os_flag.o(.text)
    OSFlagPendGetFlagsRdy                    0x080095eb   Thumb Code    26  os_flag.o(.text)
    OSFlagPost                               0x08009605   Thumb Code   324  os_flag.o(.text)
    OSFlagQuery                              0x08009749   Thumb Code    48  os_flag.o(.text)
    OS_FlagInit                              0x08009779   Thumb Code    78  os_flag.o(.text)
    OSMboxAccept                             0x080097d5   Thumb Code    38  os_mbox.o(.text)
    OSMboxCreate                             0x080097fb   Thumb Code    68  os_mbox.o(.text)
    OSMboxDel                                0x0800983f   Thumb Code   200  os_mbox.o(.text)
    OSMboxPend                               0x08009907   Thumb Code   246  os_mbox.o(.text)
    OSMboxPendAbort                          0x080099fd   Thumb Code   128  os_mbox.o(.text)
    OSMboxPost                               0x08009a7d   Thumb Code    80  os_mbox.o(.text)
    OSMboxPostOpt                            0x08009acd   Thumb Code   120  os_mbox.o(.text)
    OSMboxQuery                              0x08009b45   Thumb Code    76  os_mbox.o(.text)
    OSQAccept                                0x08009ba1   Thumb Code    88  os_q.o(.text)
    OSQCreate                                0x08009bf9   Thumb Code   140  os_q.o(.text)
    OSQDel                                   0x08009c85   Thumb Code   236  os_q.o(.text)
    OSQFlush                                 0x08009d71   Thumb Code    36  os_q.o(.text)
    OSQPend                                  0x08009d95   Thumb Code   272  os_q.o(.text)
    OSQPendAbort                             0x08009ea5   Thumb Code   128  os_q.o(.text)
    OSQPost                                  0x08009f25   Thumb Code   114  os_q.o(.text)
    OSQPostFront                             0x08009f97   Thumb Code   138  os_q.o(.text)
    OSQPostOpt                               0x0800a021   Thumb Code   182  os_q.o(.text)
    OSQQuery                                 0x0800a0d7   Thumb Code    98  os_q.o(.text)
    OS_QInit                                 0x0800a139   Thumb Code    72  os_q.o(.text)
    OSSemAccept                              0x0800a189   Thumb Code    42  os_sem.o(.text)
    OSSemCreate                              0x0800a1b3   Thumb Code    68  os_sem.o(.text)
    OSSemDel                                 0x0800a1f7   Thumb Code   200  os_sem.o(.text)
    OSSemPend                                0x0800a2bf   Thumb Code   222  os_sem.o(.text)
    OSSemPendAbort                           0x0800a39d   Thumb Code   128  os_sem.o(.text)
    OSSemPost                                0x0800a41d   Thumb Code    88  os_sem.o(.text)
    OSSemQuery                               0x0800a475   Thumb Code    76  os_sem.o(.text)
    OSSemSet                                 0x0800a4c1   Thumb Code    66  os_sem.o(.text)
    OSTaskChangePrio                         0x0800a515   Thumb Code   324  os_task.o(.text)
    OSTaskCreate                             0x0800a659   Thumb Code   146  os_task.o(.text)
    OS_TaskStkClr                            0x0800a6eb   Thumb Code    26  os_task.o(.text)
    OSTaskCreateExt                          0x0800a705   Thumb Code   170  os_task.o(.text)
    OSTaskDel                                0x0800a7af   Thumb Code   302  os_task.o(.text)
    OSTaskDelReq                             0x0800a8dd   Thumb Code   146  os_task.o(.text)
    OSTaskNameGet                            0x0800a96f   Thumb Code   114  os_task.o(.text)
    OSTaskNameSet                            0x0800a9e1   Thumb Code    98  os_task.o(.text)
    OSTaskResume                             0x0800aa43   Thumb Code   160  os_task.o(.text)
    OSTaskStkChk                             0x0800aae3   Thumb Code   132  os_task.o(.text)
    OSTaskSuspend                            0x0800ab67   Thumb Code   160  os_task.o(.text)
    OSTaskQuery                              0x0800ac07   Thumb Code    82  os_task.o(.text)
    OSTaskRegGet                             0x0800ac59   Thumb Code    60  os_task.o(.text)
    OSTaskRegSet                             0x0800ac95   Thumb Code    62  os_task.o(.text)
    OS_TaskReturn                            0x0800acd3   Thumb Code    18  os_task.o(.text)
    OSTimeDly                                0x0800acfd   Thumb Code   108  os_time.o(.text)
    OSTimeDlyHMSM                            0x0800ad69   Thumb Code    86  os_time.o(.text)
    OSTimeDlyResume                          0x0800adbf   Thumb Code   176  os_time.o(.text)
    OSTimeGet                                0x0800ae6f   Thumb Code    24  os_time.o(.text)
    OSTimeSet                                0x0800ae87   Thumb Code    24  os_time.o(.text)
    OS_CPU_SR_Save                           0x0800aebd   Thumb Code     0  os_cpu_a.o(.text)
    OS_CPU_SR_Restore                        0x0800aec5   Thumb Code     0  os_cpu_a.o(.text)
    OSStartHighRdy                           0x0800aecb   Thumb Code     0  os_cpu_a.o(.text)
    OSCtxSw                                  0x0800aeed   Thumb Code     0  os_cpu_a.o(.text)
    OSIntCtxSw                               0x0800aefb   Thumb Code     0  os_cpu_a.o(.text)
    PendSV_Handler                           0x0800af0b   Thumb Code     0  os_cpu_a.o(.text)
    OSInitHookBegin                          0x0800af71   Thumb Code     2  os_cpu_c.o(.text)
    OSInitHookEnd                            0x0800af73   Thumb Code     2  os_cpu_c.o(.text)
    OSTaskCreateHook                         0x0800af75   Thumb Code     2  os_cpu_c.o(.text)
    OSTaskDelHook                            0x0800af77   Thumb Code     2  os_cpu_c.o(.text)
    OSTaskIdleHook                           0x0800af79   Thumb Code     2  os_cpu_c.o(.text)
    OSTaskStatHook                           0x0800af7b   Thumb Code     2  os_cpu_c.o(.text)
    OSTaskStkInit                            0x0800af7d   Thumb Code   154  os_cpu_c.o(.text)
    OSTaskSwHook                             0x0800b017   Thumb Code     2  os_cpu_c.o(.text)
    OSTCBInitHook                            0x0800b019   Thumb Code     2  os_cpu_c.o(.text)
    OSTimeTickHook                           0x0800b01b   Thumb Code     2  os_cpu_c.o(.text)
    OSTaskReturnHook                         0x0800b01d   Thumb Code     2  os_cpu_c.o(.text)
    __use_no_semihosting                     0x0800b01f   Thumb Code     2  use_no_semi_2.o(.text)
    __2printf                                0x0800b021   Thumb Code    20  noretval__2printf.o(.text)
    __printf                                 0x0800b039   Thumb Code   106  __printf.o(.text)
    _printf_int_hex                          0x0800b0a5   Thumb Code    88  _printf_hex_int.o(.text)
    _printf_longlong_hex                     0x0800b0a5   Thumb Code     0  _printf_hex_int.o(.text)
    __use_two_region_memory                  0x0800b101   Thumb Code     2  heapauxi.o(.text)
    __rt_heap_escrow$2region                 0x0800b103   Thumb Code     2  heapauxi.o(.text)
    __rt_heap_expand$2region                 0x0800b105   Thumb Code     2  heapauxi.o(.text)
    __I$use$semihosting                      0x0800b107   Thumb Code     0  use_no_semi.o(.text)
    __use_no_semihosting_swi                 0x0800b107   Thumb Code     2  use_no_semi.o(.text)
    _printf_int_common                       0x0800b109   Thumb Code   180  _printf_intcommon.o(.text)
    _printf_char_file                        0x0800b1bd   Thumb Code    32  _printf_char_file.o(.text)
    _printf_char_common                      0x0800b1eb   Thumb Code    32  _printf_char_common.o(.text)
    ferror                                   0x0800b211   Thumb Code     8  ferror.o(.text)
    __user_setup_stackheap                   0x0800b219   Thumb Code    74  sys_stackheap_outer.o(.text)
    exit                                     0x0800b263   Thumb Code    12  exit.o(.text)
    __user_libspace                          0x0800b271   Thumb Code     8  libspace.o(.text)
    __user_perproc_libspace                  0x0800b271   Thumb Code     0  libspace.o(.text)
    __user_perthread_libspace                0x0800b271   Thumb Code     0  libspace.o(.text)
    __rt_fp_status_addr                      0x0800b279   Thumb Code    12  rt_fp_status_addr_intlibspace.o(.text)
    __aeabi_d2f                              0x0800b285   Thumb Code     0  d2f.o(x$fpl$d2f)
    _d2f                                     0x0800b285   Thumb Code    98  d2f.o(x$fpl$d2f)
    __aeabi_ddiv                             0x0800b2e9   Thumb Code     0  ddiv.o(x$fpl$ddiv)
    _ddiv                                    0x0800b2e9   Thumb Code   552  ddiv.o(x$fpl$ddiv)
    __aeabi_d2uiz                            0x0800b599   Thumb Code     0  dfixu.o(x$fpl$dfixu)
    _dfixu                                   0x0800b599   Thumb Code    90  dfixu.o(x$fpl$dfixu)
    __aeabi_ui2d                             0x0800b5f3   Thumb Code     0  dflt_clz.o(x$fpl$dfltu)
    _dfltu                                   0x0800b5f3   Thumb Code    38  dflt_clz.o(x$fpl$dfltu)
    __aeabi_dmul                             0x0800b619   Thumb Code     0  dmul.o(x$fpl$dmul)
    _dmul                                    0x0800b619   Thumb Code   332  dmul.o(x$fpl$dmul)
    __fpl_dnaninf                            0x0800b76d   Thumb Code   156  dnaninf.o(x$fpl$dnaninf)
    __fpl_dretinf                            0x0800b809   Thumb Code    12  dretinf.o(x$fpl$dretinf)
    __aeabi_f2d                              0x0800b815   Thumb Code     0  f2d.o(x$fpl$f2d)
    _f2d                                     0x0800b815   Thumb Code    86  f2d.o(x$fpl$f2d)
    __aeabi_fadd                             0x0800b86d   Thumb Code     0  faddsub_clz.o(x$fpl$fadd)
    _fadd                                    0x0800b86d   Thumb Code   196  faddsub_clz.o(x$fpl$fadd)
    __aeabi_f2uiz                            0x0800b931   Thumb Code     0  ffixu.o(x$fpl$ffixu)
    _ffixu                                   0x0800b931   Thumb Code    62  ffixu.o(x$fpl$ffixu)
    __aeabi_ui2f                             0x0800b971   Thumb Code     0  fflt_clz.o(x$fpl$ffltu)
    _ffltu                                   0x0800b971   Thumb Code    38  fflt_clz.o(x$fpl$ffltu)
    __aeabi_fmul                             0x0800b999   Thumb Code     0  fmul.o(x$fpl$fmul)
    _fmul                                    0x0800b999   Thumb Code   258  fmul.o(x$fpl$fmul)
    __fpl_fnaninf                            0x0800ba9b   Thumb Code   140  fnaninf.o(x$fpl$fnaninf)
    _fp_init                                 0x0800bb27   Thumb Code    14  fpinit.o(x$fpl$fpinit)
    __fplib_config_pureend_doubles           0x0800bb33   Thumb Code     0  fpinit.o(x$fpl$fpinit)
    __fpl_fretinf                            0x0800bb35   Thumb Code    10  fretinf.o(x$fpl$fretinf)
    __aeabi_fsub                             0x0800bb41   Thumb Code     0  faddsub_clz.o(x$fpl$fsub)
    _fsub                                    0x0800bb41   Thumb Code   234  faddsub_clz.o(x$fpl$fsub)
    __I$use$fp                               0x0800bc2b   Thumb Code     0  usenofp.o(x$fpl$usenofp)
    asc2_1206                                0x0800bc2a   Data        1140  lcd.o(.constdata)
    asc2_1608                                0x0800c09e   Data        1520  lcd.o(.constdata)
    OSUnMapTbl                               0x0800c68e   Data         256  os_core.o(.constdata)
    Region$$Table$$Base                      0x0800c7b8   Number         0  anon$$obj.o(Region$$Table)
    Region$$Table$$Limit                     0x0800c7d8   Number         0  anon$$obj.o(Region$$Table)
    led_lock                                 0x20000000   Data           1  main.o(.data)
    init                                     0x20000001   Data           1  main.o(.data)
    SystemCoreClock                          0x20000004   Data           4  system_stm32f10x.o(.data)
    AHBPrescTable                            0x20000008   Data          16  system_stm32f10x.o(.data)
    num456Seg                                0x20000018   Data          20  ht1621.o(.data)
    num1237Seg                               0x2000002c   Data          20  ht1621.o(.data)
    grafnum                                  0x20000041   Data           1  key.o(.data)
    zhongduan_flag                           0x20000042   Data           1  key.o(.data)
    id_num                                   0x20000043   Data           1  key.o(.data)
    vernum                                   0x20000044   Data           1  key.o(.data)
    hguestnum                                0x20000045   Data           1  key.o(.data)
    gonglvshishu                             0x20000046   Data           1  key.o(.data)
    dianya_zhi                               0x20000048   Data           2  key.o(.data)
    wugongkvar                               0x2000004a   Data           2  key.o(.data)
    dianliuzhi                               0x2000004c   Data           4  key.o(.data)
    k                                        0x20000050   Data           2  key.o(.data)
    tempshuzhi                               0x20000052   Data           1  key.o(.data)
    POINT_COLOR                              0x20000054   Data           2  lcd.o(.data)
    BACK_COLOR                               0x20000056   Data           2  lcd.o(.data)
    USART_RX_STA                             0x2000005c   Data           2  usart.o(.data)
    __stdout                                 0x20000060   Data           4  usart.o(.data)
    RS485_RX_CNT                             0x20000078   Data           1  485ann.o(.data)
    dog_clock                                0x2000007a   Data           2  485ann.o(.data)
    cont                                     0x2000007c   Data           1  485ann.o(.data)
    life_time_1                              0x20000080   Data           4  485ann.o(.data)
    life_time_2                              0x20000084   Data           4  485ann.o(.data)
    turn_flag                                0x20000088   Data           1  485ann.o(.data)
    turn_label_idle                          0x20000089   Data           1  485ann.o(.data)
    idle_time                                0x2000008c   Data           4  485ann.o(.data)
    alarm_lock                               0x20000090   Data           1  485ann.o(.data)
    si                                       0x20000091   Data          91  485ann.o(.data)
    co                                       0x200000ec   Data          90  485ann.o(.data)
    TIM3CH1_CAPTURE_STA                      0x20000146   Data           1  485ann.o(.data)
    RS485_MBOX                               0x20000148   Data           4  485ann.o(.data)
    RS485_STUTAS_MBOX                        0x2000014c   Data           4  485ann.o(.data)
    Heartbeat                                0x20000150   Data           4  485ann.o(.data)
    master_led_task                          0x20000154   Data           4  485ann.o(.data)
    mystatus                                 0x20000158   Data           7  485ann.o(.data)
    wugong_95                                0x20000160   Data           2  485ann.o(.data)
    wugong_computer                          0x20000162   Data           2  485ann.o(.data)
    L_C_flag                                 0x20000164   Data           1  485ann.o(.data)
    TIM3CH1_CAPTURE_VAL                      0x20000166   Data           2  485ann.o(.data)
    TIM3CH1_CAPTURE_PHA                      0x20000168   Data           2  485ann.o(.data)
    OSCtxSwCtr                               0x2000016c   Data           4  os_core.o(.data)
    OSEventFreeList                          0x20000170   Data           4  os_core.o(.data)
    OSFlagFreeList                           0x20000174   Data           4  os_core.o(.data)
    OSCPUUsage                               0x20000178   Data           1  os_core.o(.data)
    OSIdleCtrMax                             0x2000017c   Data           4  os_core.o(.data)
    OSIdleCtrRun                             0x20000180   Data           4  os_core.o(.data)
    OSStatRdy                                0x20000184   Data           1  os_core.o(.data)
    OSIntNesting                             0x20000185   Data           1  os_core.o(.data)
    OSLockNesting                            0x20000186   Data           1  os_core.o(.data)
    OSPrioCur                                0x20000187   Data           1  os_core.o(.data)
    OSPrioHighRdy                            0x20000188   Data           1  os_core.o(.data)
    OSRdyGrp                                 0x20000189   Data           1  os_core.o(.data)
    OSRdyTbl                                 0x2000018a   Data           8  os_core.o(.data)
    OSRunning                                0x20000192   Data           1  os_core.o(.data)
    OSTaskCtr                                0x20000193   Data           1  os_core.o(.data)
    OSIdleCtr                                0x20000194   Data           4  os_core.o(.data)
    OSTCBCur                                 0x20000198   Data           4  os_core.o(.data)
    OSTCBFreeList                            0x2000019c   Data           4  os_core.o(.data)
    OSTCBHighRdy                             0x200001a0   Data           4  os_core.o(.data)
    OSTCBList                                0x200001a4   Data           4  os_core.o(.data)
    OSTickStepState                          0x200001a8   Data           1  os_core.o(.data)
    OSQFreeList                              0x200001ac   Data           4  os_core.o(.data)
    OSTime                                   0x200001b0   Data           4  os_core.o(.data)
    START_TASK_STK                           0x200001b4   Data         256  main.o(.bss)
    TAKE_TASK_STK                            0x200002b4   Data         256  main.o(.bss)
    Receive_TASK_STK                         0x200003b4   Data         256  main.o(.bss)
    MAIN_TASK_STK                            0x200004b4   Data         512  main.o(.bss)
    MASTER_TASK_STK                          0x200006b4   Data         256  main.o(.bss)
    MYLED_TASK_STK                           0x200007b4   Data         256  main.o(.bss)
    SETID_TASK_STK                           0x200008b4   Data         256  main.o(.bss)
    lcddev                                   0x200009b4   Data          10  lcd.o(.bss)
    USART_RX_BUF                             0x200009be   Data         200  usart.o(.bss)
    RS485_RX_BUF                             0x20000a86   Data         128  485ann.o(.bss)
    mybox                                    0x20000b06   Data           9  485ann.o(.bss)
    sort_idle_list_1                         0x20000b0f   Data          66  485ann.o(.bss)
    sort_idle_list_2                         0x20000b51   Data          66  485ann.o(.bss)
    turn_idle_list                           0x20000b93   Data         195  485ann.o(.bss)
    sort_busy_list_1                         0x20000c56   Data          99  485ann.o(.bss)
    sort_busy_list_2                         0x20000cb9   Data          99  485ann.o(.bss)
    system_status_list_1                     0x20000d1c   Data         132  485ann.o(.bss)
    system_status_list_2                     0x20000da0   Data         132  485ann.o(.bss)
    rs485buf                                 0x20000e24   Data          15  485ann.o(.bss)
    statusbuf                                0x20000e33   Data          10  485ann.o(.bss)
    OSEventTbl                               0x20000e40   Data         200  os_core.o(.bss)
    OSFlagTbl                                0x20000f08   Data          80  os_core.o(.bss)
    OSTaskStatStk                            0x20000f58   Data         512  os_core.o(.bss)
    OSTaskIdleStk                            0x20001158   Data         512  os_core.o(.bss)
    OSTCBPrioTbl                             0x20001358   Data         256  os_core.o(.bss)
    OSTCBTbl                                 0x20001458   Data        1008  os_core.o(.bss)
    OSQTbl                                   0x20001848   Data         120  os_core.o(.bss)
    __libspace_start                         0x200018c0   Data          96  libspace.o(.bss)
    __temporary_stack_top$libspace           0x20001920   Data           0  libspace.o(.bss)



==============================================================================

Memory Map of the image

  Image Entry point : 0x08000131

  Load Region LR_IROM1 (Base: 0x08000000, Size: 0x0000c98c, Max: 0x00010000, ABSOLUTE, COMPRESSED[0x0000c8d4])

    Execution Region ER_IROM1 (Base: 0x08000000, Size: 0x0000c7d8, Max: 0x00010000, ABSOLUTE)

    Base Addr    Size         Type   Attr      Idx    E Section Name        Object

    0x08000000   0x00000130   Data   RO          377    RESET               startup_stm32f10x_hd.o
    0x08000130   0x00000008   Code   RO          871  * !!!main             c_w.l(__main.o)(c_w.l)
    0x08000138   0x00000034   Code   RO         1093    !!!scatter          c_w.l(__scatter.o)(c_w.l)
    0x0800016c   0x0000005a   Code   RO         1091    !!dczerorl2         c_w.l(__dczerorl2.o)(c_w.l)
    0x080001c6   0x00000002   PAD
    0x080001c8   0x0000001c   Code   RO         1095    !!handler_zi        c_w.l(__scatter_zi.o)(c_w.l)
    0x080001e4   0x00000000   Code   RO          868    .ARM.Collect$$_printf_percent$$00000000  c_w.l(_printf_percent.o)(c_w.l)
    0x080001e4   0x00000006   Code   RO          867    .ARM.Collect$$_printf_percent$$0000000C  c_w.l(_printf_x.o)(c_w.l)
    0x080001ea   0x00000004   Code   RO          919    .ARM.Collect$$_printf_percent$$00000017  c_w.l(_printf_percent_end.o)(c_w.l)
    0x080001ee   0x00000006   Code   RO          965    .ARM.Collect$$libinit$$00000000  c_w.l(libinit.o)(c_w.l)
    0x080001f4   0x00000000   Code   RO          973    .ARM.Collect$$libinit$$00000006  c_w.l(libinit2.o)(c_w.l)
    0x080001f4   0x00000000   Code   RO          975    .ARM.Collect$$libinit$$00000008  c_w.l(libinit2.o)(c_w.l)
    0x080001f4   0x00000000   Code   RO          977    .ARM.Collect$$libinit$$0000000A  c_w.l(libinit2.o)(c_w.l)
    0x080001f4   0x00000000   Code   RO          980    .ARM.Collect$$libinit$$0000000D  c_w.l(libinit2.o)(c_w.l)
    0x080001f4   0x00000000   Code   RO          982    .ARM.Collect$$libinit$$0000000F  c_w.l(libinit2.o)(c_w.l)
    0x080001f4   0x00000000   Code   RO          984    .ARM.Collect$$libinit$$00000011  c_w.l(libinit2.o)(c_w.l)
    0x080001f4   0x00000000   Code   RO          986    .ARM.Collect$$libinit$$00000013  c_w.l(libinit2.o)(c_w.l)
    0x080001f4   0x00000000   Code   RO          988    .ARM.Collect$$libinit$$00000015  c_w.l(libinit2.o)(c_w.l)
    0x080001f4   0x00000000   Code   RO          990    .ARM.Collect$$libinit$$00000017  c_w.l(libinit2.o)(c_w.l)
    0x080001f4   0x00000000   Code   RO          992    .ARM.Collect$$libinit$$00000019  c_w.l(libinit2.o)(c_w.l)
    0x080001f4   0x00000000   Code   RO          994    .ARM.Collect$$libinit$$0000001B  c_w.l(libinit2.o)(c_w.l)
    0x080001f4   0x00000000   Code   RO          996    .ARM.Collect$$libinit$$0000001D  c_w.l(libinit2.o)(c_w.l)
    0x080001f4   0x00000000   Code   RO          998    .ARM.Collect$$libinit$$0000001F  c_w.l(libinit2.o)(c_w.l)
    0x080001f4   0x00000000   Code   RO         1000    .ARM.Collect$$libinit$$00000021  c_w.l(libinit2.o)(c_w.l)
    0x080001f4   0x00000000   Code   RO         1004    .ARM.Collect$$libinit$$00000028  c_w.l(libinit2.o)(c_w.l)
    0x080001f4   0x00000000   Code   RO         1006    .ARM.Collect$$libinit$$0000002A  c_w.l(libinit2.o)(c_w.l)
    0x080001f4   0x00000000   Code   RO         1008    .ARM.Collect$$libinit$$0000002C  c_w.l(libinit2.o)(c_w.l)
    0x080001f4   0x00000000   Code   RO         1010    .ARM.Collect$$libinit$$0000002E  c_w.l(libinit2.o)(c_w.l)
    0x080001f4   0x00000002   Code   RO         1011    .ARM.Collect$$libinit$$0000002F  c_w.l(libinit2.o)(c_w.l)
    0x080001f6   0x00000002   Code   RO         1035    .ARM.Collect$$libshutdown$$00000000  c_w.l(libshutdown.o)(c_w.l)
    0x080001f8   0x00000000   Code   RO         1046    .ARM.Collect$$libshutdown$$00000003  c_w.l(libshutdown2.o)(c_w.l)
    0x080001f8   0x00000000   Code   RO         1049    .ARM.Collect$$libshutdown$$00000006  c_w.l(libshutdown2.o)(c_w.l)
    0x080001f8   0x00000000   Code   RO         1052    .ARM.Collect$$libshutdown$$00000009  c_w.l(libshutdown2.o)(c_w.l)
    0x080001f8   0x00000000   Code   RO         1054    .ARM.Collect$$libshutdown$$0000000B  c_w.l(libshutdown2.o)(c_w.l)
    0x080001f8   0x00000000   Code   RO         1057    .ARM.Collect$$libshutdown$$0000000E  c_w.l(libshutdown2.o)(c_w.l)
    0x080001f8   0x00000002   Code   RO         1058    .ARM.Collect$$libshutdown$$0000000F  c_w.l(libshutdown2.o)(c_w.l)
    0x080001fa   0x00000000   Code   RO          913    .ARM.Collect$$rtentry$$00000000  c_w.l(rtentry.o)(c_w.l)
    0x080001fa   0x00000000   Code   RO          930    .ARM.Collect$$rtentry$$00000002  c_w.l(rtentry2.o)(c_w.l)
    0x080001fa   0x00000006   Code   RO          945    .ARM.Collect$$rtentry$$00000004  c_w.l(rtentry4.o)(c_w.l)
    0x08000200   0x00000000   Code   RO          932    .ARM.Collect$$rtentry$$00000009  c_w.l(rtentry2.o)(c_w.l)
    0x08000200   0x00000004   Code   RO          933    .ARM.Collect$$rtentry$$0000000A  c_w.l(rtentry2.o)(c_w.l)
    0x08000204   0x00000000   Code   RO          935    .ARM.Collect$$rtentry$$0000000C  c_w.l(rtentry2.o)(c_w.l)
    0x08000204   0x00000008   Code   RO          936    .ARM.Collect$$rtentry$$0000000D  c_w.l(rtentry2.o)(c_w.l)
    0x0800020c   0x00000002   Code   RO          969    .ARM.Collect$$rtexit$$00000000  c_w.l(rtexit.o)(c_w.l)
    0x0800020e   0x00000000   Code   RO         1015    .ARM.Collect$$rtexit$$00000002  c_w.l(rtexit2.o)(c_w.l)
    0x0800020e   0x00000004   Code   RO         1016    .ARM.Collect$$rtexit$$00000003  c_w.l(rtexit2.o)(c_w.l)
    0x08000212   0x00000006   Code   RO         1017    .ARM.Collect$$rtexit$$00000004  c_w.l(rtexit2.o)(c_w.l)
    0x08000218   0x000008f4   Code   RO            1    .text               main.o
    0x08000b0c   0x00000016   Code   RO          132    .text               stm32f10x_it.o
    0x08000b22   0x00000002   PAD
    0x08000b24   0x000001c8   Code   RO          175    .text               system_stm32f10x.o
    0x08000cec   0x000002e0   Code   RO          205    .text               myiic.o
    0x08000fcc   0x00000172   Code   RO          220    .text               24cxx.o
    0x0800113e   0x00000002   PAD
    0x08001140   0x00000110   Code   RO          232    .text               adc.o
    0x08001250   0x000000d8   Code   RO          247    .text               rs485.o
    0x08001328   0x000006ec   Code   RO          259    .text               ht1621.o
    0x08001a14   0x00000258   Code   RO          277    .text               key.o
    0x08001c6c   0x000023c0   Code   RO          292    .text               lcd.o
    0x0800402c   0x00000114   Code   RO          315    .text               delay.o
    0x08004140   0x0000000c   Code   RO          329    .text               sys.o
    0x0800414c   0x00000148   Code   RO          341    .text               usart.o
    0x08004294   0x00000040   Code   RO          378    .text               startup_stm32f10x_hd.o
    0x080042d4   0x000000f8   Code   RO          382    .text               misc.o
    0x080043cc   0x00000618   Code   RO          394    .text               stm32f10x_fsmc.o
    0x080049e4   0x00000358   Code   RO          406    .text               stm32f10x_gpio.o
    0x08004d3c   0x000003a4   Code   RO          418    .text               stm32f10x_rcc.o
    0x080050e0   0x0000040c   Code   RO          444    .text               stm32f10x_usart.o
    0x080054ec   0x00000440   Code   RO          456    .text               stm32f10x_adc.o
    0x0800592c   0x00000dae   Code   RO          618    .text               stm32f10x_tim.o
    0x080066da   0x00000002   PAD
    0x080066dc   0x00001fdc   Code   RO          648    .text               485ann.o
    0x080086b8   0x000008c4   Code   RO          668    .text               os_core.o
    0x08008f7c   0x00000858   Code   RO          688    .text               os_flag.o
    0x080097d4   0x000003cc   Code   RO          700    .text               os_mbox.o
    0x08009ba0   0x000005e8   Code   RO          730    .text               os_q.o
    0x0800a188   0x0000038c   Code   RO          742    .text               os_sem.o
    0x0800a514   0x000007e8   Code   RO          754    .text               os_task.o
    0x0800acfc   0x000001c0   Code   RO          766    .text               os_time.o
    0x0800aebc   0x000000b4   Code   RO          784    .text               os_cpu_a.o
    0x0800af70   0x000000ae   Code   RO          787    .text               os_cpu_c.o
    0x0800b01e   0x00000002   Code   RO          820    .text               c_w.l(use_no_semi_2.o)(c_w.l)
    0x0800b020   0x00000018   Code   RO          824    .text               c_w.l(noretval__2printf.o)(c_w.l)
    0x0800b038   0x0000006a   Code   RO          826    .text               c_w.l(__printf.o)(c_w.l)
    0x0800b0a2   0x00000002   PAD
    0x0800b0a4   0x0000005c   Code   RO          831    .text               c_w.l(_printf_hex_int.o)(c_w.l)
    0x0800b100   0x00000006   Code   RO          869    .text               c_w.l(heapauxi.o)(c_w.l)
    0x0800b106   0x00000002   Code   RO          911    .text               c_w.l(use_no_semi.o)(c_w.l)
    0x0800b108   0x000000b4   Code   RO          915    .text               c_w.l(_printf_intcommon.o)(c_w.l)
    0x0800b1bc   0x00000024   Code   RO          917    .text               c_w.l(_printf_char_file.o)(c_w.l)
    0x0800b1e0   0x00000030   Code   RO          947    .text               c_w.l(_printf_char_common.o)(c_w.l)
    0x0800b210   0x00000008   Code   RO          949    .text               c_w.l(ferror.o)(c_w.l)
    0x0800b218   0x0000004a   Code   RO          953    .text               c_w.l(sys_stackheap_outer.o)(c_w.l)
    0x0800b262   0x0000000c   Code   RO          957    .text               c_w.l(exit.o)(c_w.l)
    0x0800b26e   0x00000002   PAD
    0x0800b270   0x00000008   Code   RO          966    .text               c_w.l(libspace.o)(c_w.l)
    0x0800b278   0x0000000c   Code   RO         1025    .text               c_w.l(rt_fp_status_addr_intlibspace.o)(c_w.l)
    0x0800b284   0x00000062   Code   RO          873    x$fpl$d2f           fz_ws.l(d2f.o)(fz_ws.l)
    0x0800b2e6   0x00000002   PAD
    0x0800b2e8   0x000002b0   Code   RO          876    x$fpl$ddiv          fz_ws.l(ddiv.o)(fz_ws.l)
    0x0800b598   0x0000005a   Code   RO          879    x$fpl$dfixu         fz_ws.l(dfixu.o)(fz_ws.l)
    0x0800b5f2   0x00000026   Code   RO          883    x$fpl$dfltu         fz_ws.l(dflt_clz.o)(fz_ws.l)
    0x0800b618   0x00000154   Code   RO          889    x$fpl$dmul          fz_ws.l(dmul.o)(fz_ws.l)
    0x0800b76c   0x0000009c   Code   RO          920    x$fpl$dnaninf       fz_ws.l(dnaninf.o)(fz_ws.l)
    0x0800b808   0x0000000c   Code   RO          922    x$fpl$dretinf       fz_ws.l(dretinf.o)(fz_ws.l)
    0x0800b814   0x00000056   Code   RO          891    x$fpl$f2d           fz_ws.l(f2d.o)(fz_ws.l)
    0x0800b86a   0x00000002   PAD
    0x0800b86c   0x000000c4   Code   RO          893    x$fpl$fadd          fz_ws.l(faddsub_clz.o)(fz_ws.l)
    0x0800b930   0x0000003e   Code   RO          899    x$fpl$ffixu         fz_ws.l(ffixu.o)(fz_ws.l)
    0x0800b96e   0x00000002   PAD
    0x0800b970   0x00000026   Code   RO          903    x$fpl$ffltu         fz_ws.l(fflt_clz.o)(fz_ws.l)
    0x0800b996   0x00000002   PAD
    0x0800b998   0x00000102   Code   RO          909    x$fpl$fmul          fz_ws.l(fmul.o)(fz_ws.l)
    0x0800ba9a   0x0000008c   Code   RO          924    x$fpl$fnaninf       fz_ws.l(fnaninf.o)(fz_ws.l)
    0x0800bb26   0x0000000e   Code   RO         1012    x$fpl$fpinit        fz_ws.l(fpinit.o)(fz_ws.l)
    0x0800bb34   0x0000000a   Code   RO          926    x$fpl$fretinf       fz_ws.l(fretinf.o)(fz_ws.l)
    0x0800bb3e   0x00000002   PAD
    0x0800bb40   0x000000ea   Code   RO          895    x$fpl$fsub          fz_ws.l(faddsub_clz.o)(fz_ws.l)
    0x0800bc2a   0x00000000   Code   RO          928    x$fpl$usenofp       fz_ws.l(usenofp.o)(fz_ws.l)
    0x0800bc2a   0x00000a64   Data   RO          294    .constdata          lcd.o
    0x0800c68e   0x00000100   Data   RO          670    .constdata          os_core.o
    0x0800c78e   0x00000028   Data   RO          832    .constdata          c_w.l(_printf_hex_int.o)(c_w.l)
    0x0800c7b6   0x00000002   PAD
    0x0800c7b8   0x00000020   Data   RO         1089    Region$$Table       anon$$obj.o


    Execution Region RW_IRAM1 (Base: 0x20000000, Size: 0x00001f20, Max: 0x00005000, ABSOLUTE, COMPRESSED[0x000000fc])

    Base Addr    Size         Type   Attr      Idx    E Section Name        Object

    0x20000000   0x00000002   Data   RW            3    .data               main.o
    0x20000002   0x00000002   PAD
    0x20000004   0x00000014   Data   RW          176    .data               system_stm32f10x.o
    0x20000018   0x00000028   Data   RW          260    .data               ht1621.o
    0x20000040   0x00000013   Data   RW          278    .data               key.o
    0x20000053   0x00000001   PAD
    0x20000054   0x00000004   Data   RW          295    .data               lcd.o
    0x20000058   0x00000004   Data   RW          316    .data               delay.o
    0x2000005c   0x00000008   Data   RW          343    .data               usart.o
    0x20000064   0x00000014   Data   RW          419    .data               stm32f10x_rcc.o
    0x20000078   0x000000f2   Data   RW          650    .data               485ann.o
    0x2000016a   0x00000002   PAD
    0x2000016c   0x00000048   Data   RW          671    .data               os_core.o
    0x200001b4   0x00000800   Zero   RW            2    .bss                main.o
    0x200009b4   0x0000000a   Zero   RW          293    .bss                lcd.o
    0x200009be   0x000000c8   Zero   RW          342    .bss                usart.o
    0x20000a86   0x000003b7   Zero   RW          649    .bss                485ann.o
    0x20000e3d   0x00000003   PAD
    0x20000e40   0x00000a80   Zero   RW          669    .bss                os_core.o
    0x200018c0   0x00000060   Zero   RW          967    .bss                c_w.l(libspace.o)(c_w.l)
    0x20001920   0x00000200   Zero   RW          376    HEAP                startup_stm32f10x_hd.o
    0x20001b20   0x00000400   Zero   RW          375    STACK               startup_stm32f10x_hd.o


==============================================================================

Image component sizes


      Code (inc. data)   RO Data    RW Data    ZI Data      Debug   Object Name

       370          0          0          0          0          0   24cxx.o
      8156        478          0        242        951          0   485ann.o
       272          8          0          0          0          0   adc.o
         0          0          0          0          0          0   core_cm3.o
       276         20          0          4          0          0   delay.o
      1772         70          0         40          0          0   ht1621.o
       600         78          0         19          0          0   key.o
      9152        142       2660          4         10          0   lcd.o
      2292        138          0          2       2048          0   main.o
       248         30          0          0          0          0   misc.o
       736         38          0          0          0          0   myiic.o
      2244        212        256         72       2688          0   os_core.o
       180         36          0          0          0          0   os_cpu_a.o
       174          0          0          0          0          0   os_cpu_c.o
      2136         42          0          0          0          0   os_flag.o
       972         16          0          0          0          0   os_mbox.o
      1512         28          0          0          0          0   os_q.o
       908         18          0          0          0          0   os_sem.o
      2024         70          0          0          0          0   os_task.o
       448         30          0          0          0          0   os_time.o
       216         16          0          0          0          0   rs485.o
        64         26        304          0       1536          0   startup_stm32f10x_hd.o
      1088         36          0          0          0          0   stm32f10x_adc.o
      1560         54          0          0          0          0   stm32f10x_fsmc.o
       856         40          0          0          0          0   stm32f10x_gpio.o
        22          0          0          0          0          0   stm32f10x_it.o
       932         52          0         20          0          0   stm32f10x_rcc.o
      3502         86          0          0          0          0   stm32f10x_tim.o
      1036         20          0          0          0          0   stm32f10x_usart.o
        12          0          0          0          0          0   sys.o
       456         36          0         20          0          0   system_stm32f10x.o
       328         20          0          8        200          0   usart.o

    ----------------------------------------------------------------------
     44550       1840       3252        436       7436          0   Object Totals
         0          0         32          0          0          0   (incl. Generated)
         6          0          0          5          3          3   (incl. Padding)

    ----------------------------------------------------------------------

      Code (inc. data)   RO Data    RW Data    ZI Data      Debug   Library Member Name

        90          0          0          0          0          0   __dczerorl2.o
         8          0          0          0          0          0   __main.o
       106          0          0          0          0          0   __printf.o
        52          8          0          0          0          0   __scatter.o
        28          0          0          0          0          0   __scatter_zi.o
        48          6          0          0          0          0   _printf_char_common.o
        36          4          0          0          0          0   _printf_char_file.o
        92          4         40          0          0          0   _printf_hex_int.o
       180          0          0          0          0          0   _printf_intcommon.o
         0          0          0          0          0          0   _printf_percent.o
         4          0          0          0          0          0   _printf_percent_end.o
         6          0          0          0          0          0   _printf_x.o
        12          0          0          0          0          0   exit.o
         8          0          0          0          0          0   ferror.o
         6          0          0          0          0          0   heapauxi.o
         6          0          0          0          0          0   libinit.o
         2          0          0          0          0          0   libinit2.o
         2          0          0          0          0          0   libshutdown.o
         2          0          0          0          0          0   libshutdown2.o
         8          4          0          0         96          0   libspace.o
        24          4          0          0          0          0   noretval__2printf.o
        12          4          0          0          0          0   rt_fp_status_addr_intlibspace.o
         0          0          0          0          0          0   rtentry.o
        12          0          0          0          0          0   rtentry2.o
         6          0          0          0          0          0   rtentry4.o
         2          0          0          0          0          0   rtexit.o
        10          0          0          0          0          0   rtexit2.o
        74          0          0          0          0          0   sys_stackheap_outer.o
         2          0          0          0          0          0   use_no_semi.o
         2          0          0          0          0          0   use_no_semi_2.o
        98          4          0          0          0          0   d2f.o
       688        140          0          0          0          0   ddiv.o
        90          4          0          0          0          0   dfixu.o
        38          0          0          0          0          0   dflt_clz.o
       340         12          0          0          0          0   dmul.o
       156          4          0          0          0          0   dnaninf.o
        12          0          0          0          0          0   dretinf.o
        86          4          0          0          0          0   f2d.o
       430          8          0          0          0          0   faddsub_clz.o
        62          4          0          0          0          0   ffixu.o
        38          0          0          0          0          0   fflt_clz.o
       258          4          0          0          0          0   fmul.o
       140          4          0          0          0          0   fnaninf.o
        14          0          0          0          0          0   fpinit.o
        10          0          0          0          0          0   fretinf.o
         0          0          0          0          0          0   usenofp.o

    ----------------------------------------------------------------------
      3316        222         42          0         96          0   Library Totals
        16          0          2          0          0          0   (incl. Padding)

    ----------------------------------------------------------------------

      Code (inc. data)   RO Data    RW Data    ZI Data      Debug   Library Name

       840         34         40          0         96       1228   c_w.l
      2460        188          0          0          0       1444   fz_ws.l

    ----------------------------------------------------------------------
      3316        222         42          0         96          0   Library Totals

    ----------------------------------------------------------------------

==============================================================================


      Code (inc. data)   RO Data    RW Data    ZI Data      Debug   

     47866       2062       3294        436       7532     454328   Grand Totals
     47866       2062       3294        252       7532     454328   ELF Image Totals (compressed)
     47866       2062       3294        252          0          0   ROM Totals

==============================================================================

    Total RO  Size (Code + RO Data)                51160 (  49.96kB)
    Total RW  Size (RW Data + ZI Data)              7968 (   7.78kB)
    Total ROM Size (Code + RO Data + RW Data)      51412 (  50.21kB)

==============================================================================

